Component: Arm Compiler for Embedded 6.21 Tool: armlink [5ec1fa00]

==============================================================================

Section Cross References

    startup_stm32f100xb.o(STACK) refers (Special) to heapauxi.o(.text) for __use_two_region_memory
    startup_stm32f100xb.o(HEAP) refers (Special) to heapauxi.o(.text) for __use_two_region_memory
    startup_stm32f100xb.o(RESET) refers (Special) to heapauxi.o(.text) for __use_two_region_memory
    startup_stm32f100xb.o(RESET) refers to startup_stm32f100xb.o(STACK) for __initial_sp
    startup_stm32f100xb.o(RESET) refers to startup_stm32f100xb.o(.text) for Reset_Handler
    startup_stm32f100xb.o(RESET) refers to stm32f1xx_it.o(.text.NMI_Handler) for NMI_Handler
    startup_stm32f100xb.o(RESET) refers to stm32f1xx_it.o(.text.HardFault_Handler) for HardFault_Handler
    startup_stm32f100xb.o(RESET) refers to stm32f1xx_it.o(.text.MemManage_Handler) for MemManage_Handler
    startup_stm32f100xb.o(RESET) refers to stm32f1xx_it.o(.text.BusFault_Handler) for BusFault_Handler
    startup_stm32f100xb.o(RESET) refers to stm32f1xx_it.o(.text.UsageFault_Handler) for UsageFault_Handler
    startup_stm32f100xb.o(RESET) refers to stm32f1xx_it.o(.text.SVC_Handler) for SVC_Handler
    startup_stm32f100xb.o(RESET) refers to stm32f1xx_it.o(.text.DebugMon_Handler) for DebugMon_Handler
    startup_stm32f100xb.o(RESET) refers to stm32f1xx_it.o(.text.PendSV_Handler) for PendSV_Handler
    startup_stm32f100xb.o(RESET) refers to stm32f1xx_it.o(.text.SysTick_Handler) for SysTick_Handler
    startup_stm32f100xb.o(RESET) refers to stm32f1xx_it.o(.text.DMA1_Channel1_IRQHandler) for DMA1_Channel1_IRQHandler
    startup_stm32f100xb.o(.text) refers (Special) to heapauxi.o(.text) for __use_two_region_memory
    startup_stm32f100xb.o(.text) refers to system_stm32f1xx.o(.text.SystemInit) for SystemInit
    startup_stm32f100xb.o(.text) refers to __main.o(!!!main) for __main
    startup_stm32f100xb.o(.text) refers to startup_stm32f100xb.o(HEAP) for Heap_Mem
    startup_stm32f100xb.o(.text) refers to startup_stm32f100xb.o(STACK) for Stack_Mem
    main.o(.text.delay_us) refers to main.o(.bss.htim2) for htim2
    main.o(.ARM.exidx.text.delay_us) refers to main.o(.text.delay_us) for [Anonymous Symbol]
    main.o(.text.Set_Pin_Output) refers to stm32f1xx_hal_gpio.o(.text.HAL_GPIO_Init) for HAL_GPIO_Init
    main.o(.ARM.exidx.text.Set_Pin_Output) refers to main.o(.text.Set_Pin_Output) for [Anonymous Symbol]
    main.o(.text.Set_Pin_Input) refers to stm32f1xx_hal_gpio.o(.text.HAL_GPIO_Init) for HAL_GPIO_Init
    main.o(.ARM.exidx.text.Set_Pin_Input) refers to main.o(.text.Set_Pin_Input) for [Anonymous Symbol]
    main.o(.text.DHT22_Start) refers to main.o(.text.Set_Pin_Output) for Set_Pin_Output
    main.o(.text.DHT22_Start) refers to stm32f1xx_hal_gpio.o(.text.HAL_GPIO_WritePin) for HAL_GPIO_WritePin
    main.o(.text.DHT22_Start) refers to main.o(.text.delay_us) for delay_us
    main.o(.text.DHT22_Start) refers to main.o(.text.Set_Pin_Input) for Set_Pin_Input
    main.o(.ARM.exidx.text.DHT22_Start) refers to main.o(.text.DHT22_Start) for [Anonymous Symbol]
    main.o(.text.DHT22_Check_Response) refers to main.o(.text.delay_us) for delay_us
    main.o(.text.DHT22_Check_Response) refers to stm32f1xx_hal_gpio.o(.text.HAL_GPIO_ReadPin) for HAL_GPIO_ReadPin
    main.o(.ARM.exidx.text.DHT22_Check_Response) refers to main.o(.text.DHT22_Check_Response) for [Anonymous Symbol]
    main.o(.text.DHT22_Read) refers to stm32f1xx_hal_gpio.o(.text.HAL_GPIO_ReadPin) for HAL_GPIO_ReadPin
    main.o(.text.DHT22_Read) refers to main.o(.text.delay_us) for delay_us
    main.o(.ARM.exidx.text.DHT22_Read) refers to main.o(.text.DHT22_Read) for [Anonymous Symbol]
    main.o(.text.JSON_Gonder) refers to stm32f1xx_hal_gpio.o(.text.HAL_GPIO_ReadPin) for HAL_GPIO_ReadPin
    main.o(.text.JSON_Gonder) refers to main.o(.bss.Temperature) for Temperature
    main.o(.text.JSON_Gonder) refers to ffix.o(x$fpl$ffix) for __aeabi_f2iz
    main.o(.text.JSON_Gonder) refers to fflt_clz.o(x$fpl$fflt) for __aeabi_i2f
    main.o(.text.JSON_Gonder) refers to faddsub_clz.o(x$fpl$fsub) for __aeabi_fsub
    main.o(.text.JSON_Gonder) refers to fmul.o(x$fpl$fmul) for __aeabi_fmul
    main.o(.text.JSON_Gonder) refers to main.o(.bss.Humidity) for Humidity
    main.o(.text.JSON_Gonder) refers to main.o(.bss.yuzdeortalama) for yuzdeortalama
    main.o(.text.JSON_Gonder) refers to main.o(.bss.suseviye) for suseviye
    main.o(.text.JSON_Gonder) refers to main.o(.bss.json_buffer) for json_buffer
    main.o(.text.JSON_Gonder) refers to main.o(.rodata.str1.1) for .L.str
    main.o(.text.JSON_Gonder) refers to snprintf.o(.text) for snprintf
    main.o(.text.JSON_Gonder) refers to strlen.o(.text) for strlen
    main.o(.text.JSON_Gonder) refers to main.o(.bss.huart1) for huart1
    main.o(.text.JSON_Gonder) refers to stm32f1xx_hal_uart.o(.text.HAL_UART_Transmit) for HAL_UART_Transmit
[...]
    [Anonymous Symbol]                       0x08003fb8   Section        0  stm32f1xx_hal_cortex.o(.text.NVIC_EncodePriority)
    [Anonymous Symbol]                       0x08004024   Section        0  stm32f1xx_it.o(.text.PendSV_Handler)
    RCC_Delay                                0x08004029   Thumb Code    58  stm32f1xx_hal_rcc.o(.text.RCC_Delay)
    [Anonymous Symbol]                       0x08004028   Section        0  stm32f1xx_hal_rcc.o(.text.RCC_Delay)
    [Anonymous Symbol]                       0x08004064   Section        0  stm32f1xx_it.o(.text.SVC_Handler)
    [Anonymous Symbol]                       0x08004068   Section        0  main.o(.text.Set_Pin_Input)
    [Anonymous Symbol]                       0x08004094   Section        0  main.o(.text.Set_Pin_Output)
    SysTick_Config                           0x080040c5   Thumb Code    82  stm32f1xx_hal_cortex.o(.text.SysTick_Config)
    [Anonymous Symbol]                       0x080040c4   Section        0  stm32f1xx_hal_cortex.o(.text.SysTick_Config)
    [Anonymous Symbol]                       0x08004118   Section        0  stm32f1xx_it.o(.text.SysTick_Handler)
    [Anonymous Symbol]                       0x08004120   Section        0  main.o(.text.SystemClock_Config)
    [Anonymous Symbol]                       0x080041a4   Section        0  system_stm32f1xx.o(.text.SystemInit)
    [Anonymous Symbol]                       0x080041a8   Section        0  stm32f1xx_hal_tim.o(.text.TIM_Base_SetConfig)
    [Anonymous Symbol]                       0x08004310   Section        0  stm32f1xx_hal_tim.o(.text.TIM_ETR_SetConfig)
    TIM_ITRx_SetConfig                       0x08004345   Thumb Code    42  stm32f1xx_hal_tim.o(.text.TIM_ITRx_SetConfig)
    [Anonymous Symbol]                       0x08004344   Section        0  stm32f1xx_hal_tim.o(.text.TIM_ITRx_SetConfig)
    TIM_TI1_ConfigInputStage                 0x08004371   Thumb Code    80  stm32f1xx_hal_tim.o(.text.TIM_TI1_ConfigInputStage)
    [Anonymous Symbol]                       0x08004370   Section        0  stm32f1xx_hal_tim.o(.text.TIM_TI1_ConfigInputStage)
    TIM_TI2_ConfigInputStage                 0x080043c1   Thumb Code    82  stm32f1xx_hal_tim.o(.text.TIM_TI2_ConfigInputStage)
    [Anonymous Symbol]                       0x080043c0   Section        0  stm32f1xx_hal_tim.o(.text.TIM_TI2_ConfigInputStage)
    UART_EndRxTransfer                       0x08004415   Thumb Code   148  stm32f1xx_hal_uart.o(.text.UART_EndRxTransfer)
    [Anonymous Symbol]                       0x08004414   Section        0  stm32f1xx_hal_uart.o(.text.UART_EndRxTransfer)
    UART_SetConfig                           0x080044a9   Thumb Code   276  stm32f1xx_hal_uart.o(.text.UART_SetConfig)
    [Anonymous Symbol]                       0x080044a8   Section        0  stm32f1xx_hal_uart.o(.text.UART_SetConfig)
    UART_WaitOnFlagUntilTimeout              0x080045bd   Thumb Code   218  stm32f1xx_hal_uart.o(.text.UART_WaitOnFlagUntilTimeout)
    [Anonymous Symbol]                       0x080045bc   Section        0  stm32f1xx_hal_uart.o(.text.UART_WaitOnFlagUntilTimeout)
    [Anonymous Symbol]                       0x08004698   Section        0  stm32f1xx_it.o(.text.UsageFault_Handler)
    __NVIC_EnableIRQ                         0x0800469d   Thumb Code    48  stm32f1xx_hal_cortex.o(.text.__NVIC_EnableIRQ)
    [Anonymous Symbol]                       0x0800469c   Section        0  stm32f1xx_hal_cortex.o(.text.__NVIC_EnableIRQ)
    __NVIC_GetPriorityGrouping               0x080046cd   Thumb Code    16  stm32f1xx_hal_cortex.o(.text.__NVIC_GetPriorityGrouping)
    [Anonymous Symbol]                       0x080046cc   Section        0  stm32f1xx_hal_cortex.o(.text.__NVIC_GetPriorityGrouping)
    __NVIC_SetPriority                       0x080046dd   Thumb Code    66  stm32f1xx_hal_cortex.o(.text.__NVIC_SetPriority)
    [Anonymous Symbol]                       0x080046dc   Section        0  stm32f1xx_hal_cortex.o(.text.__NVIC_SetPriority)
    __NVIC_SetPriorityGrouping               0x08004721   Thumb Code    60  stm32f1xx_hal_cortex.o(.text.__NVIC_SetPriorityGrouping)
    [Anonymous Symbol]                       0x08004720   Section        0  stm32f1xx_hal_cortex.o(.text.__NVIC_SetPriorityGrouping)
    [Anonymous Symbol]                       0x0800475c   Section        0  main.o(.text.delay_us)
    [Anonymous Symbol]                       0x08004790   Section        0  main.o(.text.main)
    CL$$btod_d2e                             0x08004c3c   Section       62  btod.o(CL$$btod_d2e)
    CL$$btod_d2e_denorm_low                  0x08004c7a   Section       70  btod.o(CL$$btod_d2e_denorm_low)
    CL$$btod_d2e_norm_op1                    0x08004cc0   Section       96  btod.o(CL$$btod_d2e_norm_op1)
    CL$$btod_div_common                      0x08004d20   Section      824  btod.o(CL$$btod_div_common)
    CL$$btod_e2e                             0x08005058   Section      220  btod.o(CL$$btod_e2e)
    CL$$btod_ediv                            0x08005134   Section       42  btod.o(CL$$btod_ediv)
    CL$$btod_emul                            0x0800515e   Section       42  btod.o(CL$$btod_emul)
    CL$$btod_mult_common                     0x08005188   Section      580  btod.o(CL$$btod_mult_common)
    i.__ARM_fpclassify                       0x080053cc   Section        0  fpclassify.o(i.__ARM_fpclassify)
    i._is_digit                              0x080053f4   Section        0  __printf_wp.o(i._is_digit)
    locale$$code                             0x08005404   Section       44  lc_numeric_c.o(locale$$code)
    locale$$code                             0x08005430   Section       44  lc_ctype_c.o(locale$$code)
    x$fpl$fadd                               0x0800545c   Section      196  faddsub_clz.o(x$fpl$fadd)
    _fadd1                                   0x0800546b   Thumb Code     0  faddsub_clz.o(x$fpl$fadd)
    x$fpl$fcmp                               0x08005520   Section       84  fcmp.o(x$fpl$fcmp)
    x$fpl$fcmpinf                            0x08005574   Section       24  fcmpi.o(x$fpl$fcmpinf)
    _fdiv1                                   0x0800558d   Thumb Code     0  fdiv.o(x$fpl$fdiv)
    x$fpl$fdiv                               0x0800558c   Section      388  fdiv.o(x$fpl$fdiv)
    x$fpl$feqf                               0x08005710   Section      104  feqf.o(x$fpl$feqf)
    x$fpl$ffix                               0x08005778   Section       54  ffix.o(x$fpl$ffix)
    x$fpl$fflt                               0x080057b0   Section       48  fflt_clz.o(x$fpl$fflt)
    x$fpl$ffltu                              0x080057e0   Section       38  fflt_clz.o(x$fpl$ffltu)
    x$fpl$fgeqf                              0x08005808   Section      104  fgeqf.o(x$fpl$fgeqf)
    x$fpl$fleqf                              0x08005870   Section      104  fleqf.o(x$fpl$fleqf)
    x$fpl$fmul                               0x080058d8   Section      258  fmul.o(x$fpl$fmul)
    x$fpl$fnaninf                            0x080059da   Section      140  fnaninf.o(x$fpl$fnaninf)
    x$fpl$fretinf                            0x08005a66   Section       10  fretinf.o(x$fpl$fretinf)
    x$fpl$fsub                               0x08005a70   Section      234  faddsub_clz.o(x$fpl$fsub)
    _fsub1                                   0x08005a7f   Thumb Code     0  faddsub_clz.o(x$fpl$fsub)
    x$fpl$printf1                            0x08005b5a   Section        4  printf1.o(x$fpl$printf1)
    x$fpl$printf2                            0x08005b5e   Section        4  printf2.o(x$fpl$printf2)
    x$fpl$usenofp                            0x08005b62   Section        0  usenofp.o(x$fpl$usenofp)
    initial_mbstate                          0x08005b64   Data           8  _printf_wctomb.o(.constdata)
    .constdata                               0x08005b64   Section        8  _printf_wctomb.o(.constdata)
    uc_hextab                                0x08005b6c   Data          20  _printf_hex_int_ll_ptr.o(.constdata)
    .constdata                               0x08005b6c   Section       40  _printf_hex_int_ll_ptr.o(.constdata)
    lc_hextab                                0x08005b80   Data          20  _printf_hex_int_ll_ptr.o(.constdata)
    maptable                                 0x08005b94   Data          17  __printf_flags_ss_wp.o(.constdata)
    .constdata                               0x08005b94   Section       17  __printf_flags_ss_wp.o(.constdata)
    lc_hextab                                0x08005ba5   Data          19  _printf_fp_hex.o(.constdata)
    .constdata                               0x08005ba5   Section       38  _printf_fp_hex.o(.constdata)
    uc_hextab                                0x08005bb8   Data          19  _printf_fp_hex.o(.constdata)
    tenpwrs_x                                0x08005bcc   Data          60  bigflt0.o(.constdata)
    .constdata                               0x08005bcc   Section      148  bigflt0.o(.constdata)
    tenpwrs_i                                0x08005c08   Data          64  bigflt0.o(.constdata)
    HAL_RCC_GetSysClockFreq.aPLLMULFactorTable 0x08005c78   Data          16  stm32f1xx_hal_rcc.o(.rodata.HAL_RCC_GetSysClockFreq.aPLLMULFactorTable)
    [Anonymous Symbol]                       0x08005c78   Section        0  stm32f1xx_hal_rcc.o(.rodata.HAL_RCC_GetSysClockFreq.aPLLMULFactorTable)
    HAL_RCC_GetSysClockFreq.aPredivFactorTable 0x08005c88   Data          16  stm32f1xx_hal_rcc.o(.rodata.HAL_RCC_GetSysClockFreq.aPredivFactorTable)
    [Anonymous Symbol]                       0x08005c88   Section        0  stm32f1xx_hal_rcc.o(.rodata.HAL_RCC_GetSysClockFreq.aPredivFactorTable)
    .L.str                                   0x08005c98   Data          74  main.o(.rodata.str1.1)
    [Anonymous Symbol]                       0x08005c98   Section        0  main.o(.rodata.str1.1)
    locale$$data                             0x08005d04   Section       28  lc_numeric_c.o(locale$$data)
    __lcnum_c_name                           0x08005d08   Data           2  lc_numeric_c.o(locale$$data)
    __lcnum_c_start                          0x08005d10   Data           0  lc_numeric_c.o(locale$$data)
    __lcnum_c_point                          0x08005d1c   Data           0  lc_numeric_c.o(locale$$data)
    __lcnum_c_thousands                      0x08005d1e   Data           0  lc_numeric_c.o(locale$$data)
    __lcnum_c_grouping                       0x08005d1f   Data           0  lc_numeric_c.o(locale$$data)
    __lcnum_c_end                            0x08005d20   Data           0  lc_numeric_c.o(locale$$data)
    locale$$data                             0x08005d20   Section      272  lc_ctype_c.o(locale$$data)
    __lcctype_c_name                         0x08005d24   Data           2  lc_ctype_c.o(locale$$data)
    __lcctype_c_start                        0x08005d2c   Data           0  lc_ctype_c.o(locale$$data)
    __lcctype_c_end                          0x08005e30   Data           0  lc_ctype_c.o(locale$$data)
    .bss                                     0x20000010   Section       96  libspace.o(.bss)
    Heap_Mem                                 0x20000248   Data         512  startup_stm32f100xb.o(HEAP)
    HEAP                                     0x20000248   Section      512  startup_stm32f100xb.o(HEAP)
    Stack_Mem                                0x20000448   Data        1024  startup_stm32f100xb.o(STACK)
    STACK                                    0x20000448   Section     1024  startup_stm32f100xb.o(STACK)
    __initial_sp                             0x20000848   Data           0  startup_stm32f100xb.o(STACK)

    Global Symbols

    Symbol Name                              Value     Ov Type        Size  Object(Section)

    BuildAttributes$$THM_ISAv4$P$D$K$B$S$PE$A:L22UL41UL21$X:L11$S22US41US21$IEEE1$IW$~IW$USESV6$~STKCKD$USESV7$~SHL$OTIME$ROPI$IEEEJ$EBA8$UX$STANDARDLIB$REQ8$PRES8$EABIv2 0x00000000   Number         0  anon$$obj.o ABSOLUTE
    __fp_init_empty                          0x00000000   Number         0  fpinit_empty.o ABSOLUTE
    _printf_flags                            0x00000000   Number         0  printf_stubs.o ABSOLUTE
    _printf_return_value                     0x00000000   Number         0  printf_stubs.o ABSOLUTE
    _printf_sizespec                         0x00000000   Number         0  printf_stubs.o ABSOLUTE
    _printf_widthprec                        0x00000000   Number         0  printf_stubs.o ABSOLUTE
    __ARM_exceptions_init                     - Undefined Weak Reference
    __alloca_initialize                       - Undefined Weak Reference
    __arm_preinit_                            - Undefined Weak Reference
    __arm_relocate_pie_                       - Undefined Weak Reference
    __cpp_initialize__aeabi_                  - Undefined Weak Reference
    __cxa_finalize                            - Undefined Weak Reference
    __sigvec_lookup                           - Undefined Weak Reference
    _atexit_init                              - Undefined Weak Reference
    _call_atexit_fns                          - Undefined Weak Reference
    _clock_init                               - Undefined Weak Reference
    _fp_trap_init                             - Undefined Weak Reference
    _fp_trap_shutdown                         - Undefined Weak Reference
    _get_lc_collate                           - Undefined Weak Reference
    _get_lc_monetary                          - Undefined Weak Reference
    _get_lc_time                              - Undefined Weak Reference
    _getenv_init                              - Undefined Weak Reference
    _handle_redirection                       - Undefined Weak Reference
    _init_alloc                               - Undefined Weak Reference
    _init_user_alloc                          - Undefined Weak Reference
    _initio                                   - Undefined Weak Reference
    _printf_mbtowc                            - Undefined Weak Reference
    _printf_wc                                - Undefined Weak Reference
    _rand_init                                - Undefined Weak Reference
    _signal_finish                            - Undefined Weak Reference
    _signal_init                              - Undefined Weak Reference
    _terminate_alloc                          - Undefined Weak Reference
    _terminate_user_alloc                     - Undefined Weak Reference
    _terminateio                              - Undefined Weak Reference
    __Vectors_Size                           0x00000120   Number         0  startup_stm32f100xb.o ABSOLUTE
    __Vectors                                0x08000000   Data           4  startup_stm32f100xb.o(RESET)
    __Vectors_End                            0x08000120   Data           0  startup_stm32f100xb.o(RESET)
    __main                                   0x08000121   Thumb Code     8  __main.o(!!!main)
    __scatterload                            0x08000129   Thumb Code     0  __scatter.o(!!!scatter)
    __scatterload_rt2                        0x08000129   Thumb Code    84  __scatter.o(!!!scatter)
    __scatterload_rt2_thumb_only             0x08000129   Thumb Code     0  __scatter.o(!!!scatter)
    __scatterload_loop                       0x08000133   Thumb Code     0  __scatter.o(!!!scatter)
    __scatterload_copy                       0x08000185   Thumb Code    26  __scatter_copy.o(!!handler_copy)
    __scatterload_null                       0x080001a1   Thumb Code     2  __scatter.o(!!handler_null)
    __scatterload_zeroinit                   0x080001a5   Thumb Code    28  __scatter_zi.o(!!handler_zi)
    _printf_n                                0x080001c1   Thumb Code     0  _printf_n.o(.ARM.Collect$$_printf_percent$$00000001)
    _printf_percent                          0x080001c1   Thumb Code     0  _printf_percent.o(.ARM.Collect$$_printf_percent$$00000000)
    _printf_p                                0x080001c7   Thumb Code     0  _printf_p.o(.ARM.Collect$$_printf_percent$$00000002)
    _printf_f                                0x080001cd   Thumb Code     0  _printf_f.o(.ARM.Collect$$_printf_percent$$00000003)
    _printf_e                                0x080001d3   Thumb Code     0  _printf_e.o(.ARM.Collect$$_printf_percent$$00000004)
    _printf_g                                0x080001d9   Thumb Code     0  _printf_g.o(.ARM.Collect$$_printf_percent$$00000005)
    _printf_a                                0x080001df   Thumb Code     0  _printf_a.o(.ARM.Collect$$_printf_percent$$00000006)
    _printf_ll                               0x080001e5   Thumb Code     0  _printf_ll.o(.ARM.Collect$$_printf_percent$$00000007)
    _printf_i                                0x080001ef   Thumb Code     0  _printf_i.o(.ARM.Collect$$_printf_percent$$00000008)
    _printf_d                                0x080001f5   Thumb Code     0  _printf_d.o(.ARM.Collect$$_printf_percent$$00000009)
    _printf_u                                0x080001fb   Thumb Code     0  _printf_u.o(.ARM.Collect$$_printf_percent$$0000000A)
    _printf_o                                0x08000201   Thumb Code     0  _printf_o.o(.ARM.Collect$$_printf_percent$$0000000B)
    _printf_x                                0x08000207   Thumb Code     0  _printf_x.o(.ARM.Collect$$_printf_percent$$0000000C)
    _printf_lli                              0x0800020d   Thumb Code     0  _printf_lli.o(.ARM.Collect$$_printf_percent$$0000000D)
    _printf_lld                              0x08000213   Thumb Code     0  _printf_lld.o(.ARM.Collect$$_printf_percent$$0000000E)
    _printf_llu                              0x08000219   Thumb Code     0  _printf_llu.o(.ARM.Collect$$_printf_percent$$0000000F)
    _printf_llo                              0x0800021f   Thumb Code     0  _printf_llo.o(.ARM.Collect$$_printf_percent$$00000010)
    _printf_llx                              0x08000225   Thumb Code     0  _printf_llx.o(.ARM.Collect$$_printf_percent$$00000011)
    _printf_l                                0x0800022b   Thumb Code     0  _printf_l.o(.ARM.Collect$$_printf_percent$$00000012)
    _printf_c                                0x08000235   Thumb Code     0  _printf_c.o(.ARM.Collect$$_printf_percent$$00000013)
    _printf_s                                0x0800023b   Thumb Code     0  _printf_s.o(.ARM.Collect$$_printf_percent$$00000014)
    _printf_lc                               0x08000241   Thumb Code     0  _printf_lc.o(.ARM.Collect$$_printf_percent$$00000015)
    _printf_ls                               0x08000247   Thumb Code     0  _printf_ls.o(.ARM.Collect$$_printf_percent$$00000016)
    _printf_percent_end                      0x0800024d   Thumb Code     0  _printf_percent_end.o(.ARM.Collect$$_printf_percent$$00000017)
    __rt_lib_init                            0x08000251   Thumb Code     0  libinit.o(.ARM.Collect$$libinit$$00000000)
    __rt_lib_init_fp_1                       0x08000253   Thumb Code     0  libinit2.o(.ARM.Collect$$libinit$$00000002)
    __rt_lib_init_heap_1                     0x08000253   Thumb Code     0  libinit2.o(.ARM.Collect$$libinit$$0000000C)
    __rt_lib_init_lc_common                  0x08000253   Thumb Code     0  libinit2.o(.ARM.Collect$$libinit$$00000011)
    __rt_lib_init_preinit_1                  0x08000253   Thumb Code     0  libinit2.o(.ARM.Collect$$libinit$$00000006)
    __rt_lib_init_rand_1                     0x08000253   Thumb Code     0  libinit2.o(.ARM.Collect$$libinit$$00000010)
    __rt_lib_init_relocate_pie_1             0x08000253   Thumb Code     0  libinit2.o(.ARM.Collect$$libinit$$00000004)
    __rt_lib_init_user_alloc_1               0x08000253   Thumb Code     0  libinit2.o(.ARM.Collect$$libinit$$0000000E)
    __rt_lib_init_lc_collate_1               0x08000259   Thumb Code     0  libinit2.o(.ARM.Collect$$libinit$$00000013)
    __rt_lib_init_lc_ctype_2                 0x08000259   Thumb Code     0  libinit2.o(.ARM.Collect$$libinit$$00000014)
    __rt_lib_init_lc_ctype_1                 0x08000265   Thumb Code     0  libinit2.o(.ARM.Collect$$libinit$$00000015)
    __rt_lib_init_lc_monetary_1              0x08000265   Thumb Code     0  libinit2.o(.ARM.Collect$$libinit$$00000017)
    __rt_lib_init_lc_numeric_2               0x08000265   Thumb Code     0  libinit2.o(.ARM.Collect$$libinit$$00000018)
    __rt_lib_init_alloca_1                   0x0800026f   Thumb Code     0  libinit2.o(.ARM.Collect$$libinit$$00000030)
    __rt_lib_init_argv_1                     0x0800026f   Thumb Code     0  libinit2.o(.ARM.Collect$$libinit$$0000002E)
    __rt_lib_init_atexit_1                   0x0800026f   Thumb Code     0  libinit2.o(.ARM.Collect$$libinit$$0000001D)
    __rt_lib_init_clock_1                    0x0800026f   Thumb Code     0  libinit2.o(.ARM.Collect$$libinit$$00000023)
    __rt_lib_init_cpp_1                      0x0800026f   Thumb Code     0  libinit2.o(.ARM.Collect$$libinit$$00000034)
    __rt_lib_init_exceptions_1               0x0800026f   Thumb Code     0  libinit2.o(.ARM.Collect$$libinit$$00000032)
    __rt_lib_init_fp_trap_1                  0x0800026f   Thumb Code     0  libinit2.o(.ARM.Collect$$libinit$$00000021)
    __rt_lib_init_getenv_1                   0x0800026f   Thumb Code     0  libinit2.o(.ARM.Collect$$libinit$$00000025)
    __rt_lib_init_lc_numeric_1               0x0800026f   Thumb Code     0  libinit2.o(.ARM.Collect$$libinit$$00000019)
    __rt_lib_init_lc_time_1                  0x0800026f   Thumb Code     0  libinit2.o(.ARM.Collect$$libinit$$0000001B)
    __rt_lib_init_return                     0x0800026f   Thumb Code     0  libinit2.o(.ARM.Collect$$libinit$$00000035)
    __rt_lib_init_signal_1                   0x0800026f   Thumb Code     0  libinit2.o(.ARM.Collect$$libinit$$0000001F)
    __rt_lib_init_stdio_1                    0x0800026f   Thumb Code     0  libinit2.o(.ARM.Collect$$libinit$$00000027)
    __rt_lib_shutdown                        0x08000271   Thumb Code     0  libshutdown.o(.ARM.Collect$$libshutdown$$00000000)
    __rt_lib_shutdown_cpp_1                  0x08000273   Thumb Code     0  libshutdown2.o(.ARM.Collect$$libshutdown$$00000002)
    __rt_lib_shutdown_fp_trap_1              0x08000273   Thumb Code     0  libshutdown2.o(.ARM.Collect$$libshutdown$$00000007)
    __rt_lib_shutdown_heap_1                 0x08000273   Thumb Code     0  libshutdown2.o(.ARM.Collect$$libshutdown$$0000000F)
    __rt_lib_shutdown_return                 0x08000273   Thumb Code     0  libshutdown2.o(.ARM.Collect$$libshutdown$$00000010)
    __rt_lib_shutdown_signal_1               0x08000273   Thumb Code     0  libshutdown2.o(.ARM.Collect$$libshutdown$$0000000A)
    __rt_lib_shutdown_stdio_1                0x08000273   Thumb Code     0  libshutdown2.o(.ARM.Collect$$libshutdown$$00000004)
    __rt_lib_shutdown_user_alloc_1           0x08000273   Thumb Code     0  libshutdown2.o(.ARM.Collect$$libshutdown$$0000000C)
    __rt_entry                               0x08000275   Thumb Code     0  __rtentry.o(.ARM.Collect$$rtentry$$00000000)
    __rt_entry_presh_1                       0x08000275   Thumb Code     0  __rtentry2.o(.ARM.Collect$$rtentry$$00000002)
    __rt_entry_sh                            0x08000275   Thumb Code     0  __rtentry4.o(.ARM.Collect$$rtentry$$00000004)
    __rt_entry_li                            0x0800027b   Thumb Code     0  __rtentry2.o(.ARM.Collect$$rtentry$$0000000A)
    __rt_entry_postsh_1                      0x0800027b   Thumb Code     0  __rtentry2.o(.ARM.Collect$$rtentry$$00000009)
    __rt_entry_main                          0x0800027f   Thumb Code     0  __rtentry2.o(.ARM.Collect$$rtentry$$0000000D)
    __rt_entry_postli_1                      0x0800027f   Thumb Code     0  __rtentry2.o(.ARM.Collect$$rtentry$$0000000C)
    __rt_exit                                0x08000287   Thumb Code     0  rtexit.o(.ARM.Collect$$rtexit$$00000000)
    __rt_exit_ls                             0x08000289   Thumb Code     0  rtexit2.o(.ARM.Collect$$rtexit$$00000003)
    __rt_exit_prels_1                        0x08000289   Thumb Code     0  rtexit2.o(.ARM.Collect$$rtexit$$00000002)
    __rt_exit_exit                           0x0800028d   Thumb Code     0  rtexit2.o(.ARM.Collect$$rtexit$$00000004)
    Reset_Handler                            0x08000295   Thumb Code     8  startup_stm32f100xb.o(.text)
    ADC1_IRQHandler                          0x080002af   Thumb Code     0  startup_stm32f100xb.o(.text)
    CEC_IRQHandler                           0x080002af   Thumb Code     0  startup_stm32f100xb.o(.text)
    DMA1_Channel2_IRQHandler                 0x080002af   Thumb Code     0  startup_stm32f100xb.o(.text)
    DMA1_Channel3_IRQHandler                 0x080002af   Thumb Code     0  startup_stm32f100xb.o(.text)
    DMA1_Channel4_IRQHandler                 0x080002af   Thumb Code     0  startup_stm32f100xb.o(.text)
    DMA1_Channel5_IRQHandler                 0x080002af   Thumb Code     0  startup_stm32f100xb.o(.text)
    DMA1_Channel6_IRQHandler                 0x080002af   Thumb Code     0  startup_stm32f100xb.o(.text)
    DMA1_Channel7_IRQHandler                 0x080002af   Thumb Code     0  startup_stm32f100xb.o(.text)
    EXTI0_IRQHandler                         0x080002af   Thumb Code     0  startup_stm32f100xb.o(.text)
    EXTI15_10_IRQHandler                     0x080002af   Thumb Code     0  startup_stm32f100xb.o(.text)
    EXTI1_IRQHandler                         0x080002af   Thumb Code     0  startup_stm32f100xb.o(.text)
    EXTI2_IRQHandler                         0x080002af   Thumb Code     0  startup_stm32f100xb.o(.text)
    EXTI3_IRQHandler                         0x080002af   Thumb Code     0  startup_stm32f100xb.o(.text)
    EXTI4_IRQHandler                         0x080002af   Thumb Code     0  startup_stm32f100xb.o(.text)
    EXTI9_5_IRQHandler                       0x080002af   Thumb Code     0  startup_stm32f100xb.o(.text)
    FLASH_IRQHandler                         0x080002af   Thumb Code     0  startup_stm32f100xb.o(.text)
    I2C1_ER_IRQHandler                       0x080002af   Thumb Code     0  startup_stm32f100xb.o(.text)
    I2C1_EV_IRQHandler                       0x080002af   Thumb Code     0  startup_stm32f100xb.o(.text)
    I2C2_ER_IRQHandler                       0x080002af   Thumb Code     0  startup_stm32f100xb.o(.text)
    I2C2_EV_IRQHandler                       0x080002af   Thumb Code     0  startup_stm32f100xb.o(.text)
    PVD_IRQHandler                           0x080002af   Thumb Code     0  startup_stm32f100xb.o(.text)
    RCC_IRQHandler                           0x080002af   Thumb Code     0  startup_stm32f100xb.o(.text)
    RTC_Alarm_IRQHandler                     0x080002af   Thumb Code     0  startup_stm32f100xb.o(.text)
    RTC_IRQHandler                           0x080002af   Thumb Code     0  startup_stm32f100xb.o(.text)
    SPI1_IRQHandler                          0x080002af   Thumb Code     0  startup_stm32f100xb.o(.text)
    SPI2_IRQHandler                          0x080002af   Thumb Code     0  startup_stm32f100xb.o(.text)
    TAMPER_IRQHandler                        0x080002af   Thumb Code     0  startup_stm32f100xb.o(.text)
    TIM1_BRK_TIM15_IRQHandler                0x080002af   Thumb Code     0  startup_stm32f100xb.o(.text)
    TIM1_CC_IRQHandler                       0x080002af   Thumb Code     0  startup_stm32f100xb.o(.text)
    TIM1_TRG_COM_TIM17_IRQHandler            0x080002af   Thumb Code     0  startup_stm32f100xb.o(.text)
    TIM1_UP_TIM16_IRQHandler                 0x080002af   Thumb Code     0  startup_stm32f100xb.o(.text)
    TIM2_IRQHandler                          0x080002af   Thumb Code     0  startup_stm32f100xb.o(.text)
    TIM3_IRQHandler                          0x080002af   Thumb Code     0  startup_stm32f100xb.o(.text)
    TIM4_IRQHandler                          0x080002af   Thumb Code     0  startup_stm32f100xb.o(.text)
    TIM6_DAC_IRQHandler                      0x080002af   Thumb Code     0  startup_stm32f100xb.o(.text)
    TIM7_IRQHandler                          0x080002af   Thumb Code     0  startup_stm32f100xb.o(.text)
    USART1_IRQHandler                        0x080002af   Thumb Code     0  startup_stm32f100xb.o(.text)
    USART2_IRQHandler                        0x080002af   Thumb Code     0  startup_stm32f100xb.o(.text)
    USART3_IRQHandler                        0x080002af   Thumb Code     0  startup_stm32f100xb.o(.text)
    WWDG_IRQHandler                          0x080002af   Thumb Code     0  startup_stm32f100xb.o(.text)
    __user_initial_stackheap                 0x080002b1   Thumb Code     0  startup_stm32f100xb.o(.text)
    snprintf                                 0x080002d5   Thumb Code    58  snprintf.o(.text)
    strlen                                   0x08000315   Thumb Code    62  strlen.o(.text)
    __aeabi_memclr4                          0x08000353   Thumb Code     0  rt_memclr_w.o(.text)
    __aeabi_memclr8                          0x08000353   Thumb Code     0  rt_memclr_w.o(.text)
    __rt_memclr_w                            0x08000353   Thumb Code     0  rt_memclr_w.o(.text)
    _memset_w                                0x08000357   Thumb Code    74  rt_memclr_w.o(.text)
    __use_two_region_memory                  0x080003a1   Thumb Code     2  heapauxi.o(.text)
    __rt_heap_escrow$2region                 0x080003a3   Thumb Code     2  heapauxi.o(.text)
    __rt_heap_expand$2region                 0x080003a5   Thumb Code     2  heapauxi.o(.text)
    _printf_pre_padding                      0x080003a7   Thumb Code    44  _printf_pad.o(.text)
    _printf_post_padding                     0x080003d3   Thumb Code    34  _printf_pad.o(.text)
    _printf_truncate_signed                  0x080003f5   Thumb Code    18  _printf_truncate.o(.text)
    _printf_truncate_unsigned                0x08000407   Thumb Code    18  _printf_truncate.o(.text)
    _printf_str                              0x08000419   Thumb Code    82  _printf_str.o(.text)
    _printf_int_dec                          0x0800046d   Thumb Code   104  _printf_dec.o(.text)
    _printf_charcount                        0x080004e5   Thumb Code    40  _printf_charcount.o(.text)
    _printf_char_common                      0x08000517   Thumb Code    32  _printf_char_common.o(.text)
    _snputc                                  0x0800053d   Thumb Code    16  _snputc.o(.text)
    _printf_wctomb                           0x0800054d   Thumb Code   182  _printf_wctomb.o(.text)
    _printf_longlong_dec                     0x08000609   Thumb Code   108  _printf_longlong_dec.o(.text)
    _printf_longlong_oct                     0x08000685   Thumb Code    68  _printf_oct_int_ll.o(.text)
    _printf_int_oct                          0x080006c9   Thumb Code    24  _printf_oct_int_ll.o(.text)
    _printf_ll_oct                           0x080006e1   Thumb Code    12  _printf_oct_int_ll.o(.text)
    _printf_longlong_hex                     0x080006f5   Thumb Code    86  _printf_hex_int_ll_ptr.o(.text)
    _printf_int_hex                          0x0800074b   Thumb Code    28  _printf_hex_int_ll_ptr.o(.text)
    _printf_ll_hex                           0x08000767   Thumb Code    12  _printf_hex_int_ll_ptr.o(.text)
    _printf_hex_ptr                          0x08000773   Thumb Code    18  _printf_hex_int_ll_ptr.o(.text)
    __printf                                 0x08000789   Thumb Code   388  __printf_flags_ss_wp.o(.text)
    _ll_udiv10                               0x08000911   Thumb Code   138  lludiv10.o(.text)
    _printf_int_common                       0x0800099b   Thumb Code   178  _printf_intcommon.o(.text)
    _printf_fp_dec_real                      0x08000bfd   Thumb Code   620  _printf_fp_dec.o(.text)
    _printf_fp_hex_real                      0x08000e69   Thumb Code   756  _printf_fp_hex.o(.text)
    _printf_cs_common                        0x08001165   Thumb Code    20  _printf_char.o(.text)
    _printf_char                             0x08001179   Thumb Code    16  _printf_char.o(.text)
    _printf_string                           0x08001189   Thumb Code     8  _printf_char.o(.text)
    _printf_lcs_common                       0x08001191   Thumb Code    20  _printf_wchar.o(.text)
    _printf_wchar                            0x080011a5   Thumb Code    16  _printf_wchar.o(.text)
    _printf_wstring                          0x080011b5   Thumb Code     8  _printf_wchar.o(.text)
    _c16rtomb                                0x080011bd   Thumb Code    72  _c16rtomb.o(.text)
    _wcrtomb                                 0x080011bd   Thumb Code     0  _c16rtomb.o(.text)
    __user_setup_stackheap                   0x08001205   Thumb Code    74  sys_stackheap_outer.o(.text)
    __rt_ctype_table                         0x08001251   Thumb Code    16  rt_ctype_table.o(.text)
    __rt_locale                              0x08001261   Thumb Code     8  rt_locale_intlibspace.o(.text)
    _printf_fp_infnan                        0x08001269   Thumb Code   112  _printf_fp_infnan.o(.text)
    _btod_etento                             0x080012e9   Thumb Code   224  bigflt0.o(.text)
    exit                                     0x080013cd   Thumb Code    18  exit.o(.text)
    __user_libspace                          0x080013e1   Thumb Code     8  libspace.o(.text)
    __user_perproc_libspace                  0x080013e1   Thumb Code     0  libspace.o(.text)
    __user_perthread_libspace                0x080013e1   Thumb Code     0  libspace.o(.text)
    strcmp                                   0x080013e9   Thumb Code   128  strcmpv7m.o(.text)
    _sys_exit                                0x08001469   Thumb Code     8  sys_exit.o(.text)
    __I$use$semihosting                      0x08001475   Thumb Code     0  use_no_semi.o(.text)
    __use_no_semihosting_swi                 0x08001475   Thumb Code     2  use_no_semi.o(.text)
    __semihosting_library_function           0x08001477   Thumb Code     0  indicate_semi.o(.text)
    ADC_ConversionStop_Disable               0x08001479   Thumb Code   130  stm32f1xx_hal_adc.o(.text.ADC_ConversionStop_Disable)
    ADC_DMAConvCplt                          0x080014fd   Thumb Code   120  stm32f1xx_hal_adc.o(.text.ADC_DMAConvCplt)
    ADC_DMAError                             0x08001575   Thumb Code    42  stm32f1xx_hal_adc.o(.text.ADC_DMAError)
    ADC_DMAHalfConvCplt                      0x080015a1   Thumb Code    22  stm32f1xx_hal_adc.o(.text.ADC_DMAHalfConvCplt)
    ADC_Enable                               0x080015b9   Thumb Code   188  stm32f1xx_hal_adc.o(.text.ADC_Enable)
    BusFault_Handler                         0x08001675   Thumb Code     4  stm32f1xx_it.o(.text.BusFault_Handler)
    DHT22_Check_Response                     0x08001679   Thumb Code   106  main.o(.text.DHT22_Check_Response)
    DHT22_Read                               0x080016e5   Thumb Code   164  main.o(.text.DHT22_Read)
    DHT22_Start                              0x08001789   Thumb Code    68  main.o(.text.DHT22_Start)
    DMA1_Channel1_IRQHandler                 0x080017cd   Thumb Code    16  stm32f1xx_it.o(.text.DMA1_Channel1_IRQHandler)
    DebugMon_Handler                         0x0800182d   Thumb Code     2  stm32f1xx_it.o(.text.DebugMon_Handler)
    Error_Handler                            0x08001831   Thumb Code    14  main.o(.text.Error_Handler)
    HAL_ADCEx_Calibration_Start              0x08001841   Thumb Code   394  stm32f1xx_hal_adc_ex.o(.text.HAL_ADCEx_Calibration_Start)
    HAL_ADC_ConfigChannel                    0x080019cd   Thumb Code   436  stm32f1xx_hal_adc.o(.text.HAL_ADC_ConfigChannel)
    HAL_ADC_ConvCpltCallback                 0x08001b81   Thumb Code     8  stm32f1xx_hal_adc.o(.text.HAL_ADC_ConvCpltCallback)
    HAL_ADC_ConvHalfCpltCallback             0x08001b89   Thumb Code     8  stm32f1xx_hal_adc.o(.text.HAL_ADC_ConvHalfCpltCallback)
    HAL_ADC_ErrorCallback                    0x08001b91   Thumb Code     8  stm32f1xx_hal_adc.o(.text.HAL_ADC_ErrorCallback)
    HAL_ADC_Init                             0x08001b99   Thumb Code   530  stm32f1xx_hal_adc.o(.text.HAL_ADC_Init)
    HAL_ADC_MspInit                          0x08001dad   Thumb Code   202  stm32f1xx_hal_msp.o(.text.HAL_ADC_MspInit)
    HAL_ADC_Start_DMA                        0x08001e79   Thumb Code   334  stm32f1xx_hal_adc.o(.text.HAL_ADC_Start_DMA)
    HAL_DMA_IRQHandler                       0x08001fc9   Thumb Code   646  stm32f1xx_hal_dma.o(.text.HAL_DMA_IRQHandler)
    HAL_DMA_Init                             0x08002251   Thumb Code   174  stm32f1xx_hal_dma.o(.text.HAL_DMA_Init)
    HAL_DMA_Start_IT                         0x08002301   Thumb Code   202  stm32f1xx_hal_dma.o(.text.HAL_DMA_Start_IT)
    HAL_Delay                                0x080023cd   Thumb Code    66  stm32f1xx_hal.o(.text.HAL_Delay)
    HAL_GPIO_Init                            0x08002411   Thumb Code   798  stm32f1xx_hal_gpio.o(.text.HAL_GPIO_Init)
    HAL_GPIO_ReadPin                         0x08002731   Thumb Code    46  stm32f1xx_hal_gpio.o(.text.HAL_GPIO_ReadPin)
    HAL_GPIO_WritePin                        0x08002761   Thumb Code    46  stm32f1xx_hal_gpio.o(.text.HAL_GPIO_WritePin)
    HAL_GetTick                              0x08002791   Thumb Code    12  stm32f1xx_hal.o(.text.HAL_GetTick)
    HAL_IncTick                              0x0800279d   Thumb Code    26  stm32f1xx_hal.o(.text.HAL_IncTick)
    HAL_Init                                 0x080027b9   Thumb Code    28  stm32f1xx_hal.o(.text.HAL_Init)
    HAL_InitTick                             0x080027d5   Thumb Code   112  stm32f1xx_hal.o(.text.HAL_InitTick)
    HAL_MspInit                              0x08002845   Thumb Code   100  stm32f1xx_hal_msp.o(.text.HAL_MspInit)
    HAL_NVIC_EnableIRQ                       0x080028a9   Thumb Code    20  stm32f1xx_hal_cortex.o(.text.HAL_NVIC_EnableIRQ)
    HAL_NVIC_SetPriority                     0x080028bd   Thumb Code    50  stm32f1xx_hal_cortex.o(.text.HAL_NVIC_SetPriority)
    HAL_NVIC_SetPriorityGrouping             0x080028f1   Thumb Code    16  stm32f1xx_hal_cortex.o(.text.HAL_NVIC_SetPriorityGrouping)
    HAL_RCCEx_GetPeriphCLKFreq               0x08002901   Thumb Code   204  stm32f1xx_hal_rcc_ex.o(.text.HAL_RCCEx_GetPeriphCLKFreq)
    HAL_RCCEx_PeriphCLKConfig                0x080029cd   Thumb Code   420  stm32f1xx_hal_rcc_ex.o(.text.HAL_RCCEx_PeriphCLKConfig)
    HAL_RCC_ClockConfig                      0x08002b71   Thumb Code   466  stm32f1xx_hal_rcc.o(.text.HAL_RCC_ClockConfig)
    HAL_RCC_GetHCLKFreq                      0x08002d45   Thumb Code    12  stm32f1xx_hal_rcc.o(.text.HAL_RCC_GetHCLKFreq)
    HAL_RCC_GetPCLK1Freq                     0x08002d51   Thumb Code    34  stm32f1xx_hal_rcc.o(.text.HAL_RCC_GetPCLK1Freq)
    HAL_RCC_GetPCLK2Freq                     0x08002d75   Thumb Code    34  stm32f1xx_hal_rcc.o(.text.HAL_RCC_GetPCLK2Freq)
    HAL_RCC_GetSysClockFreq                  0x08002d99   Thumb Code   188  stm32f1xx_hal_rcc.o(.text.HAL_RCC_GetSysClockFreq)
    HAL_RCC_OscConfig                        0x08002e55   Thumb Code  1658  stm32f1xx_hal_rcc.o(.text.HAL_RCC_OscConfig)
    HAL_SYSTICK_Config                       0x080034d1   Thumb Code    16  stm32f1xx_hal_cortex.o(.text.HAL_SYSTICK_Config)
    HAL_TIMEx_MasterConfigSynchronization    0x080034e1   Thumb Code   238  stm32f1xx_hal_tim_ex.o(.text.HAL_TIMEx_MasterConfigSynchronization)
    HAL_TIM_Base_Init                        0x080035d1   Thumb Code   156  stm32f1xx_hal_tim.o(.text.HAL_TIM_Base_Init)
    HAL_TIM_Base_MspInit                     0x0800366d   Thumb Code    52  stm32f1xx_hal_msp.o(.text.HAL_TIM_Base_MspInit)
    HAL_TIM_Base_Start                       0x080036a1   Thumb Code   182  stm32f1xx_hal_tim.o(.text.HAL_TIM_Base_Start)
    HAL_TIM_ConfigClockSource                0x08003759   Thumb Code   388  stm32f1xx_hal_tim.o(.text.HAL_TIM_ConfigClockSource)
    HAL_UART_Init                            0x080038dd   Thumb Code   158  stm32f1xx_hal_uart.o(.text.HAL_UART_Init)
    HAL_UART_MspInit                         0x0800397d   Thumb Code   152  stm32f1xx_hal_msp.o(.text.HAL_UART_MspInit)
    HAL_UART_Transmit                        0x08003a15   Thumb Code   304  stm32f1xx_hal_uart.o(.text.HAL_UART_Transmit)
    HardFault_Handler                        0x08003b45   Thumb Code     4  stm32f1xx_it.o(.text.HardFault_Handler)
    JSON_Gonder                              0x08003b49   Thumb Code   460  main.o(.text.JSON_Gonder)
    MemManage_Handler                        0x08003fb1   Thumb Code     4  stm32f1xx_it.o(.text.MemManage_Handler)
    NMI_Handler                              0x08003fb5   Thumb Code     4  stm32f1xx_it.o(.text.NMI_Handler)
    PendSV_Handler                           0x08004025   Thumb Code     2  stm32f1xx_it.o(.text.PendSV_Handler)
    SVC_Handler                              0x08004065   Thumb Code     2  stm32f1xx_it.o(.text.SVC_Handler)
    Set_Pin_Input                            0x08004069   Thumb Code    42  main.o(.text.Set_Pin_Input)
    Set_Pin_Output                           0x08004095   Thumb Code    46  main.o(.text.Set_Pin_Output)
    SysTick_Handler                          0x08004119   Thumb Code     8  stm32f1xx_it.o(.text.SysTick_Handler)
    SystemClock_Config                       0x08004121   Thumb Code   132  main.o(.text.SystemClock_Config)
    SystemInit                               0x080041a5   Thumb Code     2  system_stm32f1xx.o(.text.SystemInit)
    TIM_Base_SetConfig                       0x080041a9   Thumb Code   358  stm32f1xx_hal_tim.o(.text.TIM_Base_SetConfig)
    TIM_ETR_SetConfig                        0x08004311   Thumb Code    52  stm32f1xx_hal_tim.o(.text.TIM_ETR_SetConfig)
    UsageFault_Handler                       0x08004699   Thumb Code     4  stm32f1xx_it.o(.text.UsageFault_Handler)
    delay_us                                 0x0800475d   Thumb Code    50  main.o(.text.delay_us)
    main                                     0x08004791   Thumb Code  1196  main.o(.text.main)
    _btod_d2e                                0x08004c3d   Thumb Code    62  btod.o(CL$$btod_d2e)
    _d2e_denorm_low                          0x08004c7b   Thumb Code    70  btod.o(CL$$btod_d2e_denorm_low)
    _d2e_norm_op1                            0x08004cc1   Thumb Code    96  btod.o(CL$$btod_d2e_norm_op1)
    __btod_div_common                        0x08004d21   Thumb Code   696  btod.o(CL$$btod_div_common)
    _e2e                                     0x08005059   Thumb Code   220  btod.o(CL$$btod_e2e)
    _btod_ediv                               0x08005135   Thumb Code    42  btod.o(CL$$btod_ediv)
    _btod_emul                               0x0800515f   Thumb Code    42  btod.o(CL$$btod_emul)
    __btod_mult_common                       0x08005189   Thumb Code   580  btod.o(CL$$btod_mult_common)
    __ARM_fpclassify                         0x080053cd   Thumb Code    40  fpclassify.o(i.__ARM_fpclassify)
    _is_digit                                0x080053f5   Thumb Code    14  __printf_wp.o(i._is_digit)
    _get_lc_numeric                          0x08005405   Thumb Code    44  lc_numeric_c.o(locale$$code)
    _get_lc_ctype                            0x08005431   Thumb Code    44  lc_ctype_c.o(locale$$code)
    __aeabi_fadd                             0x0800545d   Thumb Code     0  faddsub_clz.o(x$fpl$fadd)
    _fadd                                    0x0800545d   Thumb Code   196  faddsub_clz.o(x$fpl$fadd)
    __aeabi_fcmpeq                           0x08005521   Thumb Code     0  fcmp.o(x$fpl$fcmp)
    _feq                                     0x08005521   Thumb Code    14  fcmp.o(x$fpl$fcmp)
    _fneq                                    0x0800552f   Thumb Code    14  fcmp.o(x$fpl$fcmp)
    __aeabi_fcmpgt                           0x0800553d   Thumb Code     0  fcmp.o(x$fpl$fcmp)
    _fgr                                     0x0800553d   Thumb Code    14  fcmp.o(x$fpl$fcmp)
    __aeabi_fcmpge                           0x0800554b   Thumb Code     0  fcmp.o(x$fpl$fcmp)
    _fgeq                                    0x0800554b   Thumb Code    14  fcmp.o(x$fpl$fcmp)
    __aeabi_fcmple                           0x08005559   Thumb Code     0  fcmp.o(x$fpl$fcmp)
    _fleq                                    0x08005559   Thumb Code    14  fcmp.o(x$fpl$fcmp)
    __aeabi_fcmplt                           0x08005567   Thumb Code     0  fcmp.o(x$fpl$fcmp)
    _fls                                     0x08005567   Thumb Code    14  fcmp.o(x$fpl$fcmp)
    __fpl_fcmp_Inf                           0x08005575   Thumb Code    24  fcmpi.o(x$fpl$fcmpinf)
    __aeabi_fdiv                             0x0800558d   Thumb Code     0  fdiv.o(x$fpl$fdiv)
    _fdiv                                    0x0800558d   Thumb Code   384  fdiv.o(x$fpl$fdiv)
    __aeabi_cfcmpeq                          0x08005711   Thumb Code     0  feqf.o(x$fpl$feqf)
    _fcmpeq                                  0x08005711   Thumb Code   104  feqf.o(x$fpl$feqf)
    __aeabi_f2iz                             0x08005779   Thumb Code     0  ffix.o(x$fpl$ffix)
    _ffix                                    0x08005779   Thumb Code    54  ffix.o(x$fpl$ffix)
    __aeabi_i2f                              0x080057b1   Thumb Code     0  fflt_clz.o(x$fpl$fflt)
    _fflt                                    0x080057b1   Thumb Code    48  fflt_clz.o(x$fpl$fflt)
    __aeabi_ui2f                             0x080057e1   Thumb Code     0  fflt_clz.o(x$fpl$ffltu)
    _ffltu                                   0x080057e1   Thumb Code    38  fflt_clz.o(x$fpl$ffltu)
    _fcmpge                                  0x08005809   Thumb Code   104  fgeqf.o(x$fpl$fgeqf)
    __aeabi_cfcmple                          0x08005871   Thumb Code     0  fleqf.o(x$fpl$fleqf)
    _fcmple                                  0x08005871   Thumb Code   104  fleqf.o(x$fpl$fleqf)
    __fpl_fcmple_InfNaN                      0x080058c3   Thumb Code     0  fleqf.o(x$fpl$fleqf)
    __aeabi_fmul                             0x080058d9   Thumb Code     0  fmul.o(x$fpl$fmul)
    _fmul                                    0x080058d9   Thumb Code   258  fmul.o(x$fpl$fmul)
    __fpl_fnaninf                            0x080059db   Thumb Code   140  fnaninf.o(x$fpl$fnaninf)
    __fpl_fretinf                            0x08005a67   Thumb Code    10  fretinf.o(x$fpl$fretinf)
    __aeabi_fsub                             0x08005a71   Thumb Code     0  faddsub_clz.o(x$fpl$fsub)
    _fsub                                    0x08005a71   Thumb Code   234  faddsub_clz.o(x$fpl$fsub)
    _printf_fp_dec                           0x08005b5b   Thumb Code     4  printf1.o(x$fpl$printf1)
    _printf_fp_hex                           0x08005b5f   Thumb Code     4  printf2.o(x$fpl$printf2)
    __I$use$fp                               0x08005b62   Number         0  usenofp.o(x$fpl$usenofp)
    AHBPrescTable                            0x08005c60   Data          16  system_stm32f1xx.o(.rodata.AHBPrescTable)
    APBPrescTable                            0x08005c70   Data           8  system_stm32f1xx.o(.rodata.APBPrescTable)
    Region$$Table$$Base                      0x08005ce4   Number         0  anon$$obj.o(Region$$Table)
    Region$$Table$$Limit                     0x08005d04   Number         0  anon$$obj.o(Region$$Table)
    __ctype                                  0x08005d2d   Data           0  lc_ctype_c.o(locale$$data)
    SystemCoreClock                          0x20000000   Data           4  system_stm32f1xx.o(.data.SystemCoreClock)
    uwTickFreq                               0x20000004   Data           1  stm32f1xx_hal.o(.data.uwTickFreq)
    uwTickPrio                               0x20000008   Data           4  stm32f1xx_hal.o(.data.uwTickPrio)
    __libspace_start                         0x20000010   Data          96  libspace.o(.bss)
    Humidity                                 0x20000070   Data           4  main.o(.bss.Humidity)
    __temporary_stack_top$libspace           0x20000070   Data           0  libspace.o(.bss)
    Presence                                 0x20000074   Data           1  main.o(.bss.Presence)
    RH                                       0x20000076   Data           2  main.o(.bss.RH)
    Rh_byte1                                 0x20000078   Data           1  main.o(.bss.Rh_byte1)
    Rh_byte2                                 0x20000079   Data           1  main.o(.bss.Rh_byte2)
    SUM                                      0x2000007a   Data           1  main.o(.bss.SUM)
    TEMP                                     0x2000007c   Data           2  main.o(.bss.TEMP)
    Temp_byte1                               0x2000007e   Data           1  main.o(.bss.Temp_byte1)
    Temp_byte2                               0x2000007f   Data           1  main.o(.bss.Temp_byte2)
    Temperature                              0x20000080   Data           4  main.o(.bss.Temperature)
    adc_degerleri                            0x20000084   Data          16  main.o(.bss.adc_degerleri)
    fan_acik                                 0x20000094   Data           1  main.o(.bss.fan_acik)
    hadc1                                    0x20000098   Data          48  main.o(.bss.hadc1)
    hdma_adc1                                0x200000c8   Data          68  main.o(.bss.hdma_adc1)
    htim2                                    0x2000010c   Data          72  main.o(.bss.htim2)
    huart1                                   0x20000154   Data          72  main.o(.bss.huart1)
    json_buffer                              0x2000019c   Data         150  main.o(.bss.json_buffer)
    ortalama                                 0x20000234   Data           4  main.o(.bss.ortalama)
    pompa_acik                               0x20000238   Data           1  main.o(.bss.pompa_acik)
    suseviye                                 0x2000023c   Data           4  main.o(.bss.suseviye)
    uwTick                                   0x20000240   Data           4  stm32f1xx_hal.o(.bss.uwTick)
    yuzdeortalama                            0x20000244   Data           4  main.o(.bss.yuzdeortalama)



==============================================================================

Memory Map of the image

  Image Entry point : 0x08000121

  Load Region LR_IROM1 (Base: 0x08000000, Size: 0x00005e40, Max: 0x00020000, ABSOLUTE)

    Execution Region ER_IROM1 (Exec base: 0x08000000, Load base: 0x08000000, Size: 0x00005e30, Max: 0x00020000, ABSOLUTE)

    Exec Addr    Load Addr    Size         Type   Attr      Idx    E Section Name        Object

    0x08000000   0x08000000   0x00000120   Data   RO            3    RESET               startup_stm32f100xb.o
    0x08000120   0x08000120   0x00000008   Code   RO         1085  * !!!main             c_w.l(__main.o)
    0x08000128   0x08000128   0x0000005c   Code   RO         1458    !!!scatter          c_w.l(__scatter.o)
    0x08000184   0x08000184   0x0000001a   Code   RO         1462    !!handler_copy      c_w.l(__scatter_copy.o)
    0x0800019e   0x0800019e   0x00000002   PAD
    0x080001a0   0x080001a0   0x00000002   Code   RO         1459    !!handler_null      c_w.l(__scatter.o)
    0x080001a2   0x080001a2   0x00000002   PAD
    0x080001a4   0x080001a4   0x0000001c   Code   RO         1464    !!handler_zi        c_w.l(__scatter_zi.o)
    0x080001c0   0x080001c0   0x00000000   Code   RO         1193    .ARM.Collect$$_printf_percent$$00000000  c_w.l(_printf_percent.o)
    0x080001c0   0x080001c0   0x00000006   Code   RO         1182    .ARM.Collect$$_printf_percent$$00000001  c_w.l(_printf_n.o)
    0x080001c6   0x080001c6   0x00000006   Code   RO         1184    .ARM.Collect$$_printf_percent$$00000002  c_w.l(_printf_p.o)
    0x080001cc   0x080001cc   0x00000006   Code   RO         1189    .ARM.Collect$$_printf_percent$$00000003  c_w.l(_printf_f.o)
    0x080001d2   0x080001d2   0x00000006   Code   RO         1190    .ARM.Collect$$_printf_percent$$00000004  c_w.l(_printf_e.o)
    0x080001d8   0x080001d8   0x00000006   Code   RO         1191    .ARM.Collect$$_printf_percent$$00000005  c_w.l(_printf_g.o)
    0x080001de   0x080001de   0x00000006   Code   RO         1192    .ARM.Collect$$_printf_percent$$00000006  c_w.l(_printf_a.o)
    0x080001e4   0x080001e4   0x0000000a   Code   RO         1197    .ARM.Collect$$_printf_percent$$00000007  c_w.l(_printf_ll.o)
    0x080001ee   0x080001ee   0x00000006   Code   RO         1186    .ARM.Collect$$_printf_percent$$00000008  c_w.l(_printf_i.o)
    0x080001f4   0x080001f4   0x00000006   Code   RO         1187    .ARM.Collect$$_printf_percent$$00000009  c_w.l(_printf_d.o)
    0x080001fa   0x080001fa   0x00000006   Code   RO         1188    .ARM.Collect$$_printf_percent$$0000000A  c_w.l(_printf_u.o)
    0x08000200   0x08000200   0x00000006   Code   RO         1185    .ARM.Collect$$_printf_percent$$0000000B  c_w.l(_printf_o.o)
    0x08000206   0x08000206   0x00000006   Code   RO         1183    .ARM.Collect$$_printf_percent$$0000000C  c_w.l(_printf_x.o)
    0x0800020c   0x0800020c   0x00000006   Code   RO         1194    .ARM.Collect$$_printf_percent$$0000000D  c_w.l(_printf_lli.o)
    0x08000212   0x08000212   0x00000006   Code   RO         1195    .ARM.Collect$$_printf_percent$$0000000E  c_w.l(_printf_lld.o)
    0x08000218   0x08000218   0x00000006   Code   RO         1196    .ARM.Collect$$_printf_percent$$0000000F  c_w.l(_printf_llu.o)
    0x0800021e   0x0800021e   0x00000006   Code   RO         1201    .ARM.Collect$$_printf_percent$$00000010  c_w.l(_printf_llo.o)
    0x08000224   0x08000224   0x00000006   Code   RO         1202    .ARM.Collect$$_printf_percent$$00000011  c_w.l(_printf_llx.o)
    0x0800022a   0x0800022a   0x0000000a   Code   RO         1198    .ARM.Collect$$_printf_percent$$00000012  c_w.l(_printf_l.o)
    0x08000234   0x08000234   0x00000006   Code   RO         1180    .ARM.Collect$$_printf_percent$$00000013  c_w.l(_printf_c.o)
    0x0800023a   0x0800023a   0x00000006   Code   RO         1181    .ARM.Collect$$_printf_percent$$00000014  c_w.l(_printf_s.o)
    0x08000240   0x08000240   0x00000006   Code   RO         1199    .ARM.Collect$$_printf_percent$$00000015  c_w.l(_printf_lc.o)
    0x08000246   0x08000246   0x00000006   Code   RO         1200    .ARM.Collect$$_printf_percent$$00000016  c_w.l(_printf_ls.o)
    0x0800024c   0x0800024c   0x00000004   Code   RO         1254    .ARM.Collect$$_printf_percent$$00000017  c_w.l(_printf_percent_end.o)
    0x08000250   0x08000250   0x00000002   Code   RO         1307    .ARM.Collect$$libinit$$00000000  c_w.l(libinit.o)
    0x08000252   0x08000252   0x00000000   Code   RO         1325    .ARM.Collect$$libinit$$00000002  c_w.l(libinit2.o)
    0x08000252   0x08000252   0x00000000   Code   RO         1327    .ARM.Collect$$libinit$$00000004  c_w.l(libinit2.o)
    0x08000252   0x08000252   0x00000000   Code   RO         1329    .ARM.Collect$$libinit$$00000006  c_w.l(libinit2.o)
    0x08000252   0x08000252   0x00000000   Code   RO         1332    .ARM.Collect$$libinit$$0000000C  c_w.l(libinit2.o)
    0x08000252   0x08000252   0x00000000   Code   RO         1334    .ARM.Collect$$libinit$$0000000E  c_w.l(libinit2.o)
    0x08000252   0x08000252   0x00000000   Code   RO         1336    .ARM.Collect$$libinit$$00000010  c_w.l(libinit2.o)
    0x08000252   0x08000252   0x00000006   Code   RO         1337    .ARM.Collect$$libinit$$00000011  c_w.l(libinit2.o)
    0x08000258   0x08000258   0x00000000   Code   RO         1339    .ARM.Collect$$libinit$$00000013  c_w.l(libinit2.o)
    0x08000258   0x08000258   0x0000000c   Code   RO         1340    .ARM.Collect$$libinit$$00000014  c_w.l(libinit2.o)
    0x08000264   0x08000264   0x00000000   Code   RO         1341    .ARM.Collect$$libinit$$00000015  c_w.l(libinit2.o)
    0x08000264   0x08000264   0x00000000   Code   RO         1343    .ARM.Collect$$libinit$$00000017  c_w.l(libinit2.o)
    0x08000264   0x08000264   0x0000000a   Code   RO         1344    .ARM.Collect$$libinit$$00000018  c_w.l(libinit2.o)
    0x0800026e   0x0800026e   0x00000000   Code   RO         1345    .ARM.Collect$$libinit$$00000019  c_w.l(libinit2.o)
    0x0800026e   0x0800026e   0x00000000   Code   RO         1347    .ARM.Collect$$libinit$$0000001B  c_w.l(libinit2.o)
    0x0800026e   0x0800026e   0x00000000   Code   RO         1349    .ARM.Collect$$libinit$$0000001D  c_w.l(libinit2.o)
    0x0800026e   0x0800026e   0x00000000   Code   RO         1351    .ARM.Collect$$libinit$$0000001F  c_w.l(libinit2.o)
    0x0800026e   0x0800026e   0x00000000   Code   RO         1353    .ARM.Collect$$libinit$$00000021  c_w.l(libinit2.o)
    0x0800026e   0x0800026e   0x00000000   Code   RO         1355    .ARM.Collect$$libinit$$00000023  c_w.l(libinit2.o)
    0x0800026e   0x0800026e   0x00000000   Code   RO         1357    .ARM.Collect$$libinit$$00000025  c_w.l(libinit2.o)
    0x0800026e   0x0800026e   0x00000000   Code   RO         1359    .ARM.Collect$$libinit$$00000027  c_w.l(libinit2.o)
    0x0800026e   0x0800026e   0x00000000   Code   RO         1363    .ARM.Collect$$libinit$$0000002E  c_w.l(libinit2.o)
    0x0800026e   0x0800026e   0x00000000   Code   RO         1365    .ARM.Collect$$libinit$$00000030  c_w.l(libinit2.o)
    0x0800026e   0x0800026e   0x00000000   Code   RO         1367    .ARM.Collect$$libinit$$00000032  c_w.l(libinit2.o)
    0x0800026e   0x0800026e   0x00000000   Code   RO         1369    .ARM.Collect$$libinit$$00000034  c_w.l(libinit2.o)
    0x0800026e   0x0800026e   0x00000002   Code   RO         1370    .ARM.Collect$$libinit$$00000035  c_w.l(libinit2.o)
    0x08000270   0x08000270   0x00000002   Code   RO         1394    .ARM.Collect$$libshutdown$$00000000  c_w.l(libshutdown.o)
    0x08000272   0x08000272   0x00000000   Code   RO         1409    .ARM.Collect$$libshutdown$$00000002  c_w.l(libshutdown2.o)
    0x08000272   0x08000272   0x00000000   Code   RO         1411    .ARM.Collect$$libshutdown$$00000004  c_w.l(libshutdown2.o)
    0x08000272   0x08000272   0x00000000   Code   RO         1414    .ARM.Collect$$libshutdown$$00000007  c_w.l(libshutdown2.o)
    0x08000272   0x08000272   0x00000000   Code   RO         1417    .ARM.Collect$$libshutdown$$0000000A  c_w.l(libshutdown2.o)
    0x08000272   0x08000272   0x00000000   Code   RO         1419    .ARM.Collect$$libshutdown$$0000000C  c_w.l(libshutdown2.o)
    0x08000272   0x08000272   0x00000000   Code   RO         1422    .ARM.Collect$$libshutdown$$0000000F  c_w.l(libshutdown2.o)
    0x08000272   0x08000272   0x00000002   Code   RO         1423    .ARM.Collect$$libshutdown$$00000010  c_w.l(libshutdown2.o)
    0x08000274   0x08000274   0x00000000   Code   RO         1111    .ARM.Collect$$rtentry$$00000000  c_w.l(__rtentry.o)
    0x08000274   0x08000274   0x00000000   Code   RO         1223    .ARM.Collect$$rtentry$$00000002  c_w.l(__rtentry2.o)
    0x08000274   0x08000274   0x00000006   Code   RO         1235    .ARM.Collect$$rtentry$$00000004  c_w.l(__rtentry4.o)
    0x0800027a   0x0800027a   0x00000000   Code   RO         1225    .ARM.Collect$$rtentry$$00000009  c_w.l(__rtentry2.o)
    0x0800027a   0x0800027a   0x00000004   Code   RO         1226    .ARM.Collect$$rtentry$$0000000A  c_w.l(__rtentry2.o)
    0x0800027e   0x0800027e   0x00000000   Code   RO         1228    .ARM.Collect$$rtentry$$0000000C  c_w.l(__rtentry2.o)
    0x0800027e   0x0800027e   0x00000008   Code   RO         1229    .ARM.Collect$$rtentry$$0000000D  c_w.l(__rtentry2.o)
    0x08000286   0x08000286   0x00000002   Code   RO         1315    .ARM.Collect$$rtexit$$00000000  c_w.l(rtexit.o)
    0x08000288   0x08000288   0x00000000   Code   RO         1372    .ARM.Collect$$rtexit$$00000002  c_w.l(rtexit2.o)
    0x08000288   0x08000288   0x00000004   Code   RO         1373    .ARM.Collect$$rtexit$$00000003  c_w.l(rtexit2.o)
    0x0800028c   0x0800028c   0x00000006   Code   RO         1374    .ARM.Collect$$rtexit$$00000004  c_w.l(rtexit2.o)
    0x08000292   0x08000292   0x00000002   PAD
    0x08000294   0x08000294   0x00000040   Code   RO            4    .text               startup_stm32f100xb.o
    0x080002d4   0x080002d4   0x00000040   Code   RO         1077    .text               c_w.l(snprintf.o)
    0x08000314   0x08000314   0x0000003e   Code   RO         1079    .text               c_w.l(strlen.o)
    0x08000352   0x08000352   0x0000004e   Code   RO         1081    .text               c_w.l(rt_memclr_w.o)
    0x080003a0   0x080003a0   0x00000006   Code   RO         1083    .text               c_w.l(heapauxi.o)
    0x080003a6   0x080003a6   0x0000004e   Code   RO         1114    .text               c_w.l(_printf_pad.o)
    0x080003f4   0x080003f4   0x00000024   Code   RO         1116    .text               c_w.l(_printf_truncate.o)
    0x08000418   0x08000418   0x00000052   Code   RO         1118    .text               c_w.l(_printf_str.o)
    0x0800046a   0x0800046a   0x00000002   PAD
    0x0800046c   0x0800046c   0x00000078   Code   RO         1120    .text               c_w.l(_printf_dec.o)
    0x080004e4   0x080004e4   0x00000028   Code   RO         1122    .text               c_w.l(_printf_charcount.o)
    0x0800050c   0x0800050c   0x00000030   Code   RO         1124    .text               c_w.l(_printf_char_common.o)
    0x0800053c   0x0800053c   0x00000010   Code   RO         1126    .text               c_w.l(_snputc.o)
    0x0800054c   0x0800054c   0x000000bc   Code   RO         1128    .text               c_w.l(_printf_wctomb.o)
    0x08000608   0x08000608   0x0000007c   Code   RO         1131    .text               c_w.l(_printf_longlong_dec.o)
    0x08000684   0x08000684   0x00000070   Code   RO         1137    .text               c_w.l(_printf_oct_int_ll.o)
    0x080006f4   0x080006f4   0x00000094   Code   RO         1157    .text               c_w.l(_printf_hex_int_ll_ptr.o)
    0x08000788   0x08000788   0x00000188   Code   RO         1177    .text               c_w.l(__printf_flags_ss_wp.o)
    0x08000910   0x08000910   0x0000008a   Code   RO         1237    .text               c_w.l(lludiv10.o)
    0x0800099a   0x0800099a   0x000000b2   Code   RO         1239    .text               c_w.l(_printf_intcommon.o)
    0x08000a4c   0x08000a4c   0x0000041c   Code   RO         1241    .text               c_w.l(_printf_fp_dec.o)
    0x08000e68   0x08000e68   0x000002fc   Code   RO         1245    .text               c_w.l(_printf_fp_hex.o)
    0x08001164   0x08001164   0x0000002c   Code   RO         1250    .text               c_w.l(_printf_char.o)
    0x08001190   0x08001190   0x0000002c   Code   RO         1252    .text               c_w.l(_printf_wchar.o)
    0x080011bc   0x080011bc   0x00000048   Code   RO         1255    .text               c_w.l(_c16rtomb.o)
    0x08001204   0x08001204   0x0000004a   Code   RO         1259    .text               c_w.l(sys_stackheap_outer.o)
    0x0800124e   0x0800124e   0x00000002   PAD
    0x08001250   0x08001250   0x00000010   Code   RO         1261    .text               c_w.l(rt_ctype_table.o)
    0x08001260   0x08001260   0x00000008   Code   RO         1266    .text               c_w.l(rt_locale_intlibspace.o)
    0x08001268   0x08001268   0x00000080   Code   RO         1268    .text               c_w.l(_printf_fp_infnan.o)
    0x080012e8   0x080012e8   0x000000e4   Code   RO         1270    .text               c_w.l(bigflt0.o)
    0x080013cc   0x080013cc   0x00000012   Code   RO         1300    .text               c_w.l(exit.o)
    0x080013de   0x080013de   0x00000002   PAD
    0x080013e0   0x080013e0   0x00000008   Code   RO         1312    .text               c_w.l(libspace.o)
    0x080013e8   0x080013e8   0x00000080   Code   RO         1322    .text               c_w.l(strcmpv7m.o)
    0x08001468   0x08001468   0x0000000c   Code   RO         1384    .text               c_w.l(sys_exit.o)
    0x08001474   0x08001474   0x00000002   Code   RO         1399    .text               c_w.l(use_no_semi.o)
    0x08001476   0x08001476   0x00000000   Code   RO         1401    .text               c_w.l(indicate_semi.o)
    0x08001476   0x08001476   0x00000002   PAD
    0x08001478   0x08001478   0x00000082   Code   RO          137    .text.ADC_ConversionStop_Disable  stm32f1xx_hal_adc.o
    0x080014fa   0x080014fa   0x00000002   PAD
    0x080014fc   0x080014fc   0x00000078   Code   RO          159    .text.ADC_DMAConvCplt  stm32f1xx_hal_adc.o
    0x08001574   0x08001574   0x0000002a   Code   RO          163    .text.ADC_DMAError  stm32f1xx_hal_adc.o
    0x0800159e   0x0800159e   0x00000002   PAD
    0x080015a0   0x080015a0   0x00000016   Code   RO          161    .text.ADC_DMAHalfConvCplt  stm32f1xx_hal_adc.o
    0x080015b6   0x080015b6   0x00000002   PAD
    0x080015b8   0x080015b8   0x000000bc   Code   RO          145    .text.ADC_Enable    stm32f1xx_hal_adc.o
    0x08001674   0x08001674   0x00000004   Code   RO           78    .text.BusFault_Handler  stm32f1xx_it.o
    0x08001678   0x08001678   0x0000006a   Code   RO           19    .text.DHT22_Check_Response  main.o
    0x080016e2   0x080016e2   0x00000002   PAD
    0x080016e4   0x080016e4   0x000000a4   Code   RO           21    .text.DHT22_Read    main.o
    0x08001788   0x08001788   0x00000044   Code   RO           17    .text.DHT22_Start   main.o
    0x080017cc   0x080017cc   0x00000010   Code   RO           90    .text.DMA1_Channel1_IRQHandler  stm32f1xx_it.o
    0x080017dc   0x080017dc   0x00000050   Code   RO          360    .text.DMA_SetConfig  stm32f1xx_hal_dma.o
    0x0800182c   0x0800182c   0x00000002   Code   RO           84    .text.DebugMon_Handler  stm32f1xx_it.o
    0x0800182e   0x0800182e   0x00000002   PAD
    0x08001830   0x08001830   0x0000000e   Code   RO           39    .text.Error_Handler  main.o
    0x0800183e   0x0800183e   0x00000002   PAD
    0x08001840   0x08001840   0x0000018a   Code   RO          194    .text.HAL_ADCEx_Calibration_Start  stm32f1xx_hal_adc_ex.o
    0x080019ca   0x080019ca   0x00000002   PAD
    0x080019cc   0x080019cc   0x000001b4   Code   RO          179    .text.HAL_ADC_ConfigChannel  stm32f1xx_hal_adc.o
    0x08001b80   0x08001b80   0x00000008   Code   RO          171    .text.HAL_ADC_ConvCpltCallback  stm32f1xx_hal_adc.o
    0x08001b88   0x08001b88   0x00000008   Code   RO          175    .text.HAL_ADC_ConvHalfCpltCallback  stm32f1xx_hal_adc.o
    0x08001b90   0x08001b90   0x00000008   Code   RO          177    .text.HAL_ADC_ErrorCallback  stm32f1xx_hal_adc.o
    0x08001b98   0x08001b98   0x00000212   Code   RO          133    .text.HAL_ADC_Init  stm32f1xx_hal_adc.o
    0x08001daa   0x08001daa   0x00000002   PAD
    0x08001dac   0x08001dac   0x000000ca   Code   RO          101    .text.HAL_ADC_MspInit  stm32f1xx_hal_msp.o
    0x08001e76   0x08001e76   0x00000002   PAD
    0x08001e78   0x08001e78   0x0000014e   Code   RO          157    .text.HAL_ADC_Start_DMA  stm32f1xx_hal_adc.o
    0x08001fc6   0x08001fc6   0x00000002   PAD
    0x08001fc8   0x08001fc8   0x00000286   Code   RO          370    .text.HAL_DMA_IRQHandler  stm32f1xx_hal_dma.o
    0x0800224e   0x0800224e   0x00000002   PAD
    0x08002250   0x08002250   0x000000ae   Code   RO          354    .text.HAL_DMA_Init  stm32f1xx_hal_dma.o
    0x080022fe   0x080022fe   0x00000002   PAD
    0x08002300   0x08002300   0x000000ca   Code   RO          362    .text.HAL_DMA_Start_IT  stm32f1xx_hal_dma.o
    0x080023ca   0x080023ca   0x00000002   PAD
    0x080023cc   0x080023cc   0x00000042   Code   RO          239    .text.HAL_Delay     stm32f1xx_hal.o
    0x0800240e   0x0800240e   0x00000002   PAD
    0x08002410   0x08002410   0x0000031e   Code   RO          331    .text.HAL_GPIO_Init  stm32f1xx_hal_gpio.o
    0x0800272e   0x0800272e   0x00000002   PAD
    0x08002730   0x08002730   0x0000002e   Code   RO          335    .text.HAL_GPIO_ReadPin  stm32f1xx_hal_gpio.o
    0x0800275e   0x0800275e   0x00000002   PAD
    0x08002760   0x08002760   0x0000002e   Code   RO          337    .text.HAL_GPIO_WritePin  stm32f1xx_hal_gpio.o
    0x0800278e   0x0800278e   0x00000002   PAD
    0x08002790   0x08002790   0x0000000c   Code   RO          231    .text.HAL_GetTick   stm32f1xx_hal.o
    0x0800279c   0x0800279c   0x0000001a   Code   RO          229    .text.HAL_IncTick   stm32f1xx_hal.o
    0x080027b6   0x080027b6   0x00000002   PAD
    0x080027b8   0x080027b8   0x0000001c   Code   RO          219    .text.HAL_Init      stm32f1xx_hal.o
    0x080027d4   0x080027d4   0x00000070   Code   RO          221    .text.HAL_InitTick  stm32f1xx_hal.o
    0x08002844   0x08002844   0x00000064   Code   RO           99    .text.HAL_MspInit   stm32f1xx_hal_msp.o
    0x080028a8   0x080028a8   0x00000014   Code   RO          399    .text.HAL_NVIC_EnableIRQ  stm32f1xx_hal_cortex.o
    0x080028bc   0x080028bc   0x00000032   Code   RO          391    .text.HAL_NVIC_SetPriority  stm32f1xx_hal_cortex.o
    0x080028ee   0x080028ee   0x00000002   PAD
    0x080028f0   0x080028f0   0x00000010   Code   RO          387    .text.HAL_NVIC_SetPriorityGrouping  stm32f1xx_hal_cortex.o
    0x08002900   0x08002900   0x000000cc   Code   RO          322    .text.HAL_RCCEx_GetPeriphCLKFreq  stm32f1xx_hal_rcc_ex.o
    0x080029cc   0x080029cc   0x000001a4   Code   RO          318    .text.HAL_RCCEx_PeriphCLKConfig  stm32f1xx_hal_rcc_ex.o
    0x08002b70   0x08002b70   0x000001d2   Code   RO          285    .text.HAL_RCC_ClockConfig  stm32f1xx_hal_rcc.o
    0x08002d42   0x08002d42   0x00000002   PAD
    0x08002d44   0x08002d44   0x0000000c   Code   RO          295    .text.HAL_RCC_GetHCLKFreq  stm32f1xx_hal_rcc.o
    0x08002d50   0x08002d50   0x00000022   Code   RO          297    .text.HAL_RCC_GetPCLK1Freq  stm32f1xx_hal_rcc.o
    0x08002d72   0x08002d72   0x00000002   PAD
    0x08002d74   0x08002d74   0x00000022   Code   RO          299    .text.HAL_RCC_GetPCLK2Freq  stm32f1xx_hal_rcc.o
    0x08002d96   0x08002d96   0x00000002   PAD
    0x08002d98   0x08002d98   0x000000bc   Code   RO          287    .text.HAL_RCC_GetSysClockFreq  stm32f1xx_hal_rcc.o
    0x08002e54   0x08002e54   0x0000067a   Code   RO          281    .text.HAL_RCC_OscConfig  stm32f1xx_hal_rcc.o
    0x080034ce   0x080034ce   0x00000002   PAD
    0x080034d0   0x080034d0   0x00000010   Code   RO          411    .text.HAL_SYSTICK_Config  stm32f1xx_hal_cortex.o
    0x080034e0   0x080034e0   0x000000ee   Code   RO          908    .text.HAL_TIMEx_MasterConfigSynchronization  stm32f1xx_hal_tim_ex.o
    0x080035ce   0x080035ce   0x00000002   PAD
    0x080035d0   0x080035d0   0x0000009c   Code   RO          595    .text.HAL_TIM_Base_Init  stm32f1xx_hal_tim.o
    0x0800366c   0x0800366c   0x00000034   Code   RO          105    .text.HAL_TIM_Base_MspInit  stm32f1xx_hal_msp.o
    0x080036a0   0x080036a0   0x000000b6   Code   RO          605    .text.HAL_TIM_Base_Start  stm32f1xx_hal_tim.o
    0x08003756   0x08003756   0x00000002   PAD
    0x08003758   0x08003758   0x00000184   Code   RO          787    .text.HAL_TIM_ConfigClockSource  stm32f1xx_hal_tim.o
    0x080038dc   0x080038dc   0x0000009e   Code   RO          931    .text.HAL_UART_Init  stm32f1xx_hal_uart.o
    0x0800397a   0x0800397a   0x00000002   PAD
    0x0800397c   0x0800397c   0x00000098   Code   RO          109    .text.HAL_UART_MspInit  stm32f1xx_hal_msp.o
    0x08003a14   0x08003a14   0x00000130   Code   RO          947    .text.HAL_UART_Transmit  stm32f1xx_hal_uart.o
    0x08003b44   0x08003b44   0x00000004   Code   RO           74    .text.HardFault_Handler  stm32f1xx_it.o
    0x08003b48   0x08003b48   0x000001cc   Code   RO           23    .text.JSON_Gonder   main.o
    0x08003d14   0x08003d14   0x000000c6   Code   RO           33    .text.MX_ADC1_Init  main.o
    0x08003dda   0x08003dda   0x00000002   PAD
    0x08003ddc   0x08003ddc   0x00000038   Code   RO           31    .text.MX_DMA_Init   main.o
    0x08003e14   0x08003e14   0x000000da   Code   RO           29    .text.MX_GPIO_Init  main.o
    0x08003eee   0x08003eee   0x00000002   PAD
    0x08003ef0   0x08003ef0   0x00000080   Code   RO           37    .text.MX_TIM2_Init  main.o
    0x08003f70   0x08003f70   0x00000040   Code   RO           35    .text.MX_USART1_UART_Init  main.o
    0x08003fb0   0x08003fb0   0x00000004   Code   RO           76    .text.MemManage_Handler  stm32f1xx_it.o
    0x08003fb4   0x08003fb4   0x00000004   Code   RO           72    .text.NMI_Handler   stm32f1xx_it.o
    0x08003fb8   0x08003fb8   0x0000006c   Code   RO          397    .text.NVIC_EncodePriority  stm32f1xx_hal_cortex.o
    0x08004024   0x08004024   0x00000002   Code   RO           86    .text.PendSV_Handler  stm32f1xx_it.o
    0x08004026   0x08004026   0x00000002   PAD
    0x08004028   0x08004028   0x0000003a   Code   RO          283    .text.RCC_Delay     stm32f1xx_hal_rcc.o
    0x08004062   0x08004062   0x00000002   PAD
    0x08004064   0x08004064   0x00000002   Code   RO           82    .text.SVC_Handler   stm32f1xx_it.o
    0x08004066   0x08004066   0x00000002   PAD
    0x08004068   0x08004068   0x0000002a   Code   RO           15    .text.Set_Pin_Input  main.o
    0x08004092   0x08004092   0x00000002   PAD
    0x08004094   0x08004094   0x0000002e   Code   RO           13    .text.Set_Pin_Output  main.o
    0x080040c2   0x080040c2   0x00000002   PAD
    0x080040c4   0x080040c4   0x00000052   Code   RO          413    .text.SysTick_Config  stm32f1xx_hal_cortex.o
    0x08004116   0x08004116   0x00000002   PAD
    0x08004118   0x08004118   0x00000008   Code   RO           88    .text.SysTick_Handler  stm32f1xx_it.o
    0x08004120   0x08004120   0x00000084   Code   RO           27    .text.SystemClock_Config  main.o
    0x080041a4   0x080041a4   0x00000002   Code   RO         1062    .text.SystemInit    system_stm32f1xx.o
    0x080041a6   0x080041a6   0x00000002   PAD
    0x080041a8   0x080041a8   0x00000166   Code   RO          599    .text.TIM_Base_SetConfig  stm32f1xx_hal_tim.o
    0x0800430e   0x0800430e   0x00000002   PAD
    0x08004310   0x08004310   0x00000034   Code   RO          785    .text.TIM_ETR_SetConfig  stm32f1xx_hal_tim.o
    0x08004344   0x08004344   0x0000002a   Code   RO          791    .text.TIM_ITRx_SetConfig  stm32f1xx_hal_tim.o
    0x0800436e   0x0800436e   0x00000002   PAD
    0x08004370   0x08004370   0x00000050   Code   RO          789    .text.TIM_TI1_ConfigInputStage  stm32f1xx_hal_tim.o
    0x080043c0   0x080043c0   0x00000052   Code   RO          793    .text.TIM_TI2_ConfigInputStage  stm32f1xx_hal_tim.o
    0x08004412   0x08004412   0x00000002   PAD
    0x08004414   0x08004414   0x00000094   Code   RO          979    .text.UART_EndRxTransfer  stm32f1xx_hal_uart.o
    0x080044a8   0x080044a8   0x00000114   Code   RO          935    .text.UART_SetConfig  stm32f1xx_hal_uart.o
    0x080045bc   0x080045bc   0x000000da   Code   RO          949    .text.UART_WaitOnFlagUntilTimeout  stm32f1xx_hal_uart.o
    0x08004696   0x08004696   0x00000002   PAD
    0x08004698   0x08004698   0x00000004   Code   RO           80    .text.UsageFault_Handler  stm32f1xx_it.o
    0x0800469c   0x0800469c   0x00000030   Code   RO          401    .text.__NVIC_EnableIRQ  stm32f1xx_hal_cortex.o
    0x080046cc   0x080046cc   0x00000010   Code   RO          393    .text.__NVIC_GetPriorityGrouping  stm32f1xx_hal_cortex.o
    0x080046dc   0x080046dc   0x00000042   Code   RO          395    .text.__NVIC_SetPriority  stm32f1xx_hal_cortex.o
    0x0800471e   0x0800471e   0x00000002   PAD
    0x08004720   0x08004720   0x0000003c   Code   RO          389    .text.__NVIC_SetPriorityGrouping  stm32f1xx_hal_cortex.o
    0x0800475c   0x0800475c   0x00000032   Code   RO           11    .text.delay_us      main.o
    0x0800478e   0x0800478e   0x00000002   PAD
    0x08004790   0x08004790   0x000004ac   Code   RO           25    .text.main          main.o
    0x08004c3c   0x08004c3c   0x0000003e   Code   RO         1273    CL$$btod_d2e        c_w.l(btod.o)
    0x08004c7a   0x08004c7a   0x00000046   Code   RO         1275    CL$$btod_d2e_denorm_low  c_w.l(btod.o)
    0x08004cc0   0x08004cc0   0x00000060   Code   RO         1274    CL$$btod_d2e_norm_op1  c_w.l(btod.o)
    0x08004d20   0x08004d20   0x00000338   Code   RO         1283    CL$$btod_div_common  c_w.l(btod.o)
    0x08005058   0x08005058   0x000000dc   Code   RO         1280    CL$$btod_e2e        c_w.l(btod.o)
    0x08005134   0x08005134   0x0000002a   Code   RO         1277    CL$$btod_ediv       c_w.l(btod.o)
    0x0800515e   0x0800515e   0x0000002a   Code   RO         1276    CL$$btod_emul       c_w.l(btod.o)
    0x08005188   0x08005188   0x00000244   Code   RO         1282    CL$$btod_mult_common  c_w.l(btod.o)
    0x080053cc   0x080053cc   0x00000028   Code   RO         1310    i.__ARM_fpclassify  m_ws.l(fpclassify.o)
    0x080053f4   0x080053f4   0x0000000e   Code   RO         1170    i._is_digit         c_w.l(__printf_wp.o)
    0x08005402   0x08005402   0x00000002   PAD
    0x08005404   0x08005404   0x0000002c   Code   RO         1298    locale$$code        c_w.l(lc_numeric_c.o)
    0x08005430   0x08005430   0x0000002c   Code   RO         1320    locale$$code        c_w.l(lc_ctype_c.o)
    0x0800545c   0x0800545c   0x000000c4   Code   RO         1087    x$fpl$fadd          fz_ws.l(faddsub_clz.o)
    0x08005520   0x08005520   0x00000054   Code   RO         1093    x$fpl$fcmp          fz_ws.l(fcmp.o)
    0x08005574   0x08005574   0x00000018   Code   RO         1257    x$fpl$fcmpinf       fz_ws.l(fcmpi.o)
    0x0800558c   0x0800558c   0x00000184   Code   RO         1096    x$fpl$fdiv          fz_ws.l(fdiv.o)
    0x08005710   0x08005710   0x00000068   Code   RO         1203    x$fpl$feqf          fz_ws.l(feqf.o)
    0x08005778   0x08005778   0x00000036   Code   RO         1099    x$fpl$ffix          fz_ws.l(ffix.o)
    0x080057ae   0x080057ae   0x00000002   PAD
    0x080057b0   0x080057b0   0x00000030   Code   RO         1104    x$fpl$fflt          fz_ws.l(fflt_clz.o)
    0x080057e0   0x080057e0   0x00000026   Code   RO         1103    x$fpl$ffltu         fz_ws.l(fflt_clz.o)
    0x08005806   0x08005806   0x00000002   PAD
    0x08005808   0x08005808   0x00000068   Code   RO         1205    x$fpl$fgeqf         fz_ws.l(fgeqf.o)
    0x08005870   0x08005870   0x00000068   Code   RO         1207    x$fpl$fleqf         fz_ws.l(fleqf.o)
    0x080058d8   0x080058d8   0x00000102   Code   RO         1109    x$fpl$fmul          fz_ws.l(fmul.o)
    0x080059da   0x080059da   0x0000008c   Code   RO         1209    x$fpl$fnaninf       fz_ws.l(fnaninf.o)
    0x08005a66   0x08005a66   0x0000000a   Code   RO         1211    x$fpl$fretinf       fz_ws.l(fretinf.o)
    0x08005a70   0x08005a70   0x000000ea   Code   RO         1089    x$fpl$fsub          fz_ws.l(faddsub_clz.o)
    0x08005b5a   0x08005b5a   0x00000004   Code   RO         1213    x$fpl$printf1       fz_ws.l(printf1.o)
    0x08005b5e   0x08005b5e   0x00000004   Code   RO         1215    x$fpl$printf2       fz_ws.l(printf2.o)
    0x08005b62   0x08005b62   0x00000000   Code   RO         1221    x$fpl$usenofp       fz_ws.l(usenofp.o)
    0x08005b62   0x08005b62   0x00000002   PAD
    0x08005b64   0x08005b64   0x00000008   Data   RO         1129    .constdata          c_w.l(_printf_wctomb.o)
    0x08005b6c   0x08005b6c   0x00000028   Data   RO         1158    .constdata          c_w.l(_printf_hex_int_ll_ptr.o)
    0x08005b94   0x08005b94   0x00000011   Data   RO         1178    .constdata          c_w.l(__printf_flags_ss_wp.o)
    0x08005ba5   0x08005ba5   0x00000026   Data   RO         1246    .constdata          c_w.l(_printf_fp_hex.o)
    0x08005bcb   0x08005bcb   0x00000001   PAD
    0x08005bcc   0x08005bcc   0x00000094   Data   RO         1271    .constdata          c_w.l(bigflt0.o)
    0x08005c60   0x08005c60   0x00000010   Data   RO         1067    .rodata.AHBPrescTable  system_stm32f1xx.o
    0x08005c70   0x08005c70   0x00000008   Data   RO         1068    .rodata.APBPrescTable  system_stm32f1xx.o
    0x08005c78   0x08005c78   0x00000010   Data   RO          309    .rodata.HAL_RCC_GetSysClockFreq.aPLLMULFactorTable  stm32f1xx_hal_rcc.o
    0x08005c88   0x08005c88   0x00000010   Data   RO          310    .rodata.HAL_RCC_GetSysClockFreq.aPredivFactorTable  stm32f1xx_hal_rcc.o
    0x08005c98   0x08005c98   0x0000004a   Data   RO           50    .rodata.str1.1      main.o
    0x08005ce2   0x08005ce2   0x00000002   PAD
    0x08005ce4   0x08005ce4   0x00000020   Data   RO         1457    Region$$Table       anon$$obj.o
    0x08005d04   0x08005d04   0x0000001c   Data   RO         1297    locale$$data        c_w.l(lc_numeric_c.o)
    0x08005d20   0x08005d20   0x00000110   Data   RO         1319    locale$$data        c_w.l(lc_ctype_c.o)


    Execution Region RW_IRAM1 (Exec base: 0x20000000, Load base: 0x08005e30, Size: 0x00000848, Max: 0x00002000, ABSOLUTE)

    Exec Addr    Load Addr    Size         Type   Attr      Idx    E Section Name        Object

    0x20000000   0x08005e30   0x00000004   Data   RW         1066    .data.SystemCoreClock  system_stm32f1xx.o
    0x20000004   0x08005e34   0x00000001   Data   RW          270    .data.uwTickFreq    stm32f1xx_hal.o
    0x20000005   0x08005e35   0x00000003   PAD
    0x20000008   0x08005e38   0x00000004   Data   RW          269    .data.uwTickPrio    stm32f1xx_hal.o
    0x2000000c   0x08005e3c   0x00000004   PAD
    0x20000010        -       0x00000060   Zero   RW         1313    .bss                c_w.l(libspace.o)
    0x20000070        -       0x00000004   Zero   RW           44    .bss.Humidity       main.o
    0x20000074        -       0x00000001   Zero   RW           45    .bss.Presence       main.o
    0x20000075   0x08005e3c   0x00000001   PAD
    0x20000076        -       0x00000002   Zero   RW           61    .bss.RH             main.o
    0x20000078        -       0x00000001   Zero   RW           55    .bss.Rh_byte1       main.o
    0x20000079        -       0x00000001   Zero   RW           56    .bss.Rh_byte2       main.o
    0x2000007a        -       0x00000001   Zero   RW           59    .bss.SUM            main.o
    0x2000007b   0x08005e3c   0x00000001   PAD
    0x2000007c        -       0x00000002   Zero   RW           60    .bss.TEMP           main.o
    0x2000007e        -       0x00000001   Zero   RW           57    .bss.Temp_byte1     main.o
    0x2000007f        -       0x00000001   Zero   RW           58    .bss.Temp_byte2     main.o
    0x20000080        -       0x00000004   Zero   RW           43    .bss.Temperature    main.o
    0x20000084        -       0x00000010   Zero   RW           53    .bss.adc_degerleri  main.o
    0x20000094        -       0x00000001   Zero   RW           41    .bss.fan_acik       main.o
    0x20000095   0x08005e3c   0x00000003   PAD
    0x20000098        -       0x00000030   Zero   RW           52    .bss.hadc1          main.o
    0x200000c8        -       0x00000044   Zero   RW           62    .bss.hdma_adc1      main.o
    0x2000010c        -       0x00000048   Zero   RW           46    .bss.htim2          main.o
    0x20000154        -       0x00000048   Zero   RW           51    .bss.huart1         main.o
    0x2000019c        -       0x00000096   Zero   RW           49    .bss.json_buffer    main.o
    0x20000232   0x08005e3c   0x00000002   PAD
    0x20000234        -       0x00000004   Zero   RW           54    .bss.ortalama       main.o
    0x20000238        -       0x00000001   Zero   RW           42    .bss.pompa_acik     main.o
    0x20000239   0x08005e3c   0x00000003   PAD
    0x2000023c        -       0x00000004   Zero   RW           48    .bss.suseviye       main.o
    0x20000240        -       0x00000004   Zero   RW          271    .bss.uwTick         stm32f1xx_hal.o
    0x20000244        -       0x00000004   Zero   RW           47    .bss.yuzdeortalama  main.o
    0x20000248        -       0x00000200   Zero   RW            2    HEAP                startup_stm32f100xb.o
    0x20000448        -       0x00000400   Zero   RW            1    STACK               startup_stm32f100xb.o


==============================================================================

Image component sizes


      Code (inc. data)   RO Data    RW Data    ZI Data      Debug   Object Name

      2942          0         74          0        458      12738   main.o
        64         26        288          0       1536        816   startup_stm32f100xb.o
       244          0          0          5          4       5399   stm32f1xx_hal.o
      1826          0          0          0          0       9136   stm32f1xx_hal_adc.o
       394          0          0          0          0       6141   stm32f1xx_hal_adc_ex.o
       482          0          0          0          0       7513   stm32f1xx_hal_cortex.o
      1102          0          0          0          0       6313   stm32f1xx_hal_dma.o
       890          0          0          0          0       4270   stm32f1xx_hal_gpio.o
       506          0          0          0          0       7488   stm32f1xx_hal_msp.o
      2450          0         32          0          0       7181   stm32f1xx_hal_rcc.o
       624          0          0          0          0       2702   stm32f1xx_hal_rcc_ex.o
      1340          0          0          0          0      35902   stm32f1xx_hal_tim.o
       238          0          0          0          0      15121   stm32f1xx_hal_tim_ex.o
      1104          0          0          0          0      20101   stm32f1xx_hal_uart.o
        50          0          0          0          0       1130   stm32f1xx_it.o
         2          0         24          4          0       1577   system_stm32f1xx.o

    ----------------------------------------------------------------------
     14340         26        452         12       2012     143528   Object Totals
         0          0         32          0          0          0   (incl. Generated)
        82          0          2          3         14          0   (incl. Padding)

    ----------------------------------------------------------------------

      Code (inc. data)   RO Data    RW Data    ZI Data      Debug   Library Member Name

         8          0          0          0          0         68   __main.o
       392          4         17          0          0         92   __printf_flags_ss_wp.o
        14          0          0          0          0         68   __printf_wp.o
         0          0          0          0          0          0   __rtentry.o
        12          0          0          0          0          0   __rtentry2.o
         6          0          0          0          0          0   __rtentry4.o
        94          8          0          0          0          0   __scatter.o
        26          0          0          0          0          0   __scatter_copy.o
        28          0          0          0          0          0   __scatter_zi.o
        72          0          0          0          0         96   _c16rtomb.o
         6          0          0          0          0          0   _printf_a.o
         6          0          0          0          0          0   _printf_c.o
        44          0          0          0          0        108   _printf_char.o
        48          6          0          0          0         96   _printf_char_common.o
        40          0          0          0          0         68   _printf_charcount.o
         6          0          0          0          0          0   _printf_d.o
       120         16          0          0          0         92   _printf_dec.o
         6          0          0          0          0          0   _printf_e.o
         6          0          0          0          0          0   _printf_f.o
      1052          0          0          0          0        148   _printf_fp_dec.o
       764          8         38          0          0        100   _printf_fp_hex.o
       128         16          0          0          0         84   _printf_fp_infnan.o
         6          0          0          0          0          0   _printf_g.o
       148          4         40          0          0        160   _printf_hex_int_ll_ptr.o
         6          0          0          0          0          0   _printf_i.o
       178          0          0          0          0         88   _printf_intcommon.o
        10          0          0          0          0          0   _printf_l.o
         6          0          0          0          0          0   _printf_lc.o
        10          0          0          0          0          0   _printf_ll.o
         6          0          0          0          0          0   _printf_lld.o
         6          0          0          0          0          0   _printf_lli.o
         6          0          0          0          0          0   _printf_llo.o
         6          0          0          0          0          0   _printf_llu.o
         6          0          0          0          0          0   _printf_llx.o
       124         16          0          0          0         92   _printf_longlong_dec.o
         6          0          0          0          0          0   _printf_ls.o
         6          0          0          0          0          0   _printf_n.o
         6          0          0          0          0          0   _printf_o.o
       112          8          0          0          0        124   _printf_oct_int_ll.o
         6          0          0          0          0          0   _printf_p.o
        78          0          0          0          0        108   _printf_pad.o
         0          0          0          0          0          0   _printf_percent.o
         4          0          0          0          0          0   _printf_percent_end.o
         6          0          0          0          0          0   _printf_s.o
        82          0          0          0          0         80   _printf_str.o
        36          0          0          0          0         84   _printf_truncate.o
         6          0          0          0          0          0   _printf_u.o
        44          0          0          0          0        108   _printf_wchar.o
       188          6          8          0          0         92   _printf_wctomb.o
         6          0          0          0          0          0   _printf_x.o
        16          0          0          0          0         68   _snputc.o
       228          4        148          0          0         96   bigflt0.o
      1936        128          0          0          0        668   btod.o
        18          0          0          0          0         80   exit.o
         6          0          0          0          0        152   heapauxi.o
         0          0          0          0          0          0   indicate_semi.o
        44         10        272          0          0         76   lc_ctype_c.o
        44         10         28          0          0         76   lc_numeric_c.o
         2          0          0          0          0          0   libinit.o
        30          0          0          0          0          0   libinit2.o
         2          0          0          0          0          0   libshutdown.o
         2          0          0          0          0          0   libshutdown2.o
         8          4          0          0         96         68   libspace.o
       138          0          0          0          0         80   lludiv10.o
        16          4          0          0          0         76   rt_ctype_table.o
         8          4          0          0          0         68   rt_locale_intlibspace.o
        78          0          0          0          0         80   rt_memclr_w.o
         2          0          0          0          0          0   rtexit.o
        10          0          0          0          0          0   rtexit2.o
        64          6          0          0          0         84   snprintf.o
       128          0          0          0          0         68   strcmpv7m.o
        62          0          0          0          0         76   strlen.o
        12          4          0          0          0         68   sys_exit.o
        74          0          0          0          0         80   sys_stackheap_outer.o
         2          0          0          0          0         68   use_no_semi.o
       430          8          0          0          0        168   faddsub_clz.o
        84          0          0          0          0        196   fcmp.o
        24          0          0          0          0         68   fcmpi.o
       388         76          0          0          0         96   fdiv.o
       104          4          0          0          0         84   feqf.o
        54          4          0          0          0         84   ffix.o
        86          0          0          0          0        136   fflt_clz.o
       104          4          0          0          0         84   fgeqf.o
       104          4          0          0          0         84   fleqf.o
       258          4          0          0          0         84   fmul.o
       140          4          0          0          0         84   fnaninf.o
        10          0          0          0          0         68   fretinf.o
         4          0          0          0          0         68   printf1.o
         4          0          0          0          0         68   printf2.o
         0          0          0          0          0          0   usenofp.o
        40          0          0          0          0         68   fpclassify.o

    ----------------------------------------------------------------------
      8768        374        552          0         96       5428   Library Totals
        22          0          1          0          0          0   (incl. Padding)

    ----------------------------------------------------------------------

      Code (inc. data)   RO Data    RW Data    ZI Data      Debug   Library Name

      6912        266        551          0         96       3988   c_w.l
      1794        108          0          0          0       1372   fz_ws.l
        40          0          0          0          0         68   m_ws.l

    ----------------------------------------------------------------------
      8768        374        552          0         96       5428   Library Totals

    ----------------------------------------------------------------------

==============================================================================


      Code (inc. data)   RO Data    RW Data    ZI Data      Debug   

     23108        400       1004         12       2108     145776   Grand Totals
     23108        400       1004         12       2108     145776   ELF Image Totals
     23108        400       1004         12          0          0   ROM Totals

==============================================================================

    Total RO  Size (Code + RO Data)                24112 (  23.55kB)
    Total RW  Size (RW Data + ZI Data)              2120 (   2.07kB)
    Total ROM Size (Code + RO Data + RW Data)      24124 (  23.56kB)

==============================================================================

